Archive member included because of file (symbol)

/media/trandi/SSD_DATA/progsDan/TI/StellarisWare/driverlib/gcc-cm3/libdriver-cm3.a(can.o)
                              ./main.o (CANInit)
/media/trandi/SSD_DATA/progsDan/TI/StellarisWare/driverlib/gcc-cm3/libdriver-cm3.a(gpio.o)
                              ./rit128x96x4.o (GPIOPadConfigSet)
/media/trandi/SSD_DATA/progsDan/TI/StellarisWare/driverlib/gcc-cm3/libdriver-cm3.a(interrupt.o)
                              /media/trandi/SSD_DATA/progsDan/TI/StellarisWare/driverlib/gcc-cm3/libdriver-cm3.a(can.o) (IntRegister)
/media/trandi/SSD_DATA/progsDan/TI/StellarisWare/driverlib/gcc-cm3/libdriver-cm3.a(ssi.o)
                              ./rit128x96x4.o (SSIConfigSetExpClk)
/media/trandi/SSD_DATA/progsDan/TI/StellarisWare/driverlib/gcc-cm3/libdriver-cm3.a(sysctl.o)
                              ./main.o (SysCtlPeripheralEnable)
/media/trandi/SSD_DATA/progsDan/TI/StellarisWare/driverlib/gcc-cm3/libdriver-cm3.a(uart.o)
                              ./main.o (UARTConfigSetExpClk)
/media/trandi/SSD_DATA/progsDan/TI/StellarisWare/driverlib/gcc-cm3/libdriver-cm3.a(cpu.o)
                              /media/trandi/SSD_DATA/progsDan/TI/StellarisWare/driverlib/gcc-cm3/libdriver-cm3.a(interrupt.o) (CPUcpsid)
/home/trandi/ti/ccsv6/tools/compiler/gcc-arm-none-eabi-4_9-2015q3/bin/../lib/gcc/arm-none-eabi/4.9.3/../../../../arm-none-eabi/lib/armv7-m/libc.a(lib_a-exit.o)
                              /home/trandi/ti/ccsv6/tools/compiler/gcc-arm-none-eabi-4_9-2015q3/bin/../lib/gcc/arm-none-eabi/4.9.3/../../../../arm-none-eabi/lib/armv7-m/crt0.o (exit)
/home/trandi/ti/ccsv6/tools/compiler/gcc-arm-none-eabi-4_9-2015q3/bin/../lib/gcc/arm-none-eabi/4.9.3/../../../../arm-none-eabi/lib/armv7-m/libc.a(lib_a-impure.o)
                              /home/trandi/ti/ccsv6/tools/compiler/gcc-arm-none-eabi-4_9-2015q3/bin/../lib/gcc/arm-none-eabi/4.9.3/../../../../arm-none-eabi/lib/armv7-m/libc.a(lib_a-exit.o) (_global_impure_ptr)
/home/trandi/ti/ccsv6/tools/compiler/gcc-arm-none-eabi-4_9-2015q3/bin/../lib/gcc/arm-none-eabi/4.9.3/../../../../arm-none-eabi/lib/armv7-m/libc.a(lib_a-init.o)
                              /home/trandi/ti/ccsv6/tools/compiler/gcc-arm-none-eabi-4_9-2015q3/bin/../lib/gcc/arm-none-eabi/4.9.3/../../../../arm-none-eabi/lib/armv7-m/crt0.o (__libc_init_array)
/home/trandi/ti/ccsv6/tools/compiler/gcc-arm-none-eabi-4_9-2015q3/bin/../lib/gcc/arm-none-eabi/4.9.3/../../../../arm-none-eabi/lib/armv7-m/libc.a(lib_a-memcpy.o)
                              ./freeRTOS/queue.o (memcpy)
/home/trandi/ti/ccsv6/tools/compiler/gcc-arm-none-eabi-4_9-2015q3/bin/../lib/gcc/arm-none-eabi/4.9.3/../../../../arm-none-eabi/lib/armv7-m/libc.a(lib_a-memset.o)
                              /home/trandi/ti/ccsv6/tools/compiler/gcc-arm-none-eabi-4_9-2015q3/bin/../lib/gcc/arm-none-eabi/4.9.3/../../../../arm-none-eabi/lib/armv7-m/crt0.o (memset)
/home/trandi/ti/ccsv6/tools/compiler/gcc-arm-none-eabi-4_9-2015q3/bin/../lib/gcc/arm-none-eabi/4.9.3/../../../../arm-none-eabi/lib/armv7-m/libc.a(lib_a-strncpy.o)
                              ./freeRTOS/tasks.o (strncpy)
/home/trandi/ti/ccsv6/tools/compiler/gcc-arm-none-eabi-4_9-2015q3/bin/../lib/gcc/arm-none-eabi/4.9.3/../../../../arm-none-eabi/lib/armv7-m/libc.a(lib_a-__call_atexit.o)
                              /home/trandi/ti/ccsv6/tools/compiler/gcc-arm-none-eabi-4_9-2015q3/bin/../lib/gcc/arm-none-eabi/4.9.3/../../../../arm-none-eabi/lib/armv7-m/libc.a(lib_a-exit.o) (__call_exitprocs)
/home/trandi/ti/ccsv6/tools/compiler/gcc-arm-none-eabi-4_9-2015q3/bin/../lib/gcc/arm-none-eabi/4.9.3/../../../../arm-none-eabi/lib/armv7-m/libc.a(lib_a-atexit.o)
                              /home/trandi/ti/ccsv6/tools/compiler/gcc-arm-none-eabi-4_9-2015q3/bin/../lib/gcc/arm-none-eabi/4.9.3/../../../../arm-none-eabi/lib/armv7-m/libc.a(lib_a-__call_atexit.o) (atexit)
/home/trandi/ti/ccsv6/tools/compiler/gcc-arm-none-eabi-4_9-2015q3/bin/../lib/gcc/arm-none-eabi/4.9.3/../../../../arm-none-eabi/lib/armv7-m/libc.a(lib_a-fini.o)
                              /home/trandi/ti/ccsv6/tools/compiler/gcc-arm-none-eabi-4_9-2015q3/bin/../lib/gcc/arm-none-eabi/4.9.3/../../../../arm-none-eabi/lib/armv7-m/libc.a(lib_a-__call_atexit.o) (__libc_fini_array)
/home/trandi/ti/ccsv6/tools/compiler/gcc-arm-none-eabi-4_9-2015q3/bin/../lib/gcc/arm-none-eabi/4.9.3/../../../../arm-none-eabi/lib/armv7-m/libc.a(lib_a-__atexit.o)
                              /home/trandi/ti/ccsv6/tools/compiler/gcc-arm-none-eabi-4_9-2015q3/bin/../lib/gcc/arm-none-eabi/4.9.3/../../../../arm-none-eabi/lib/armv7-m/libc.a(lib_a-atexit.o) (__register_exitproc)
/home/trandi/ti/ccsv6/tools/compiler/gcc-arm-none-eabi-4_9-2015q3/bin/../lib/gcc/arm-none-eabi/4.9.3/../../../../arm-none-eabi/lib/armv7-m/libnosys.a(_exit.o)
                              /home/trandi/ti/ccsv6/tools/compiler/gcc-arm-none-eabi-4_9-2015q3/bin/../lib/gcc/arm-none-eabi/4.9.3/../../../../arm-none-eabi/lib/armv7-m/libc.a(lib_a-exit.o) (_exit)

[...]
Memory Configuration

Name             Origin             Length             Attributes
FLASH            0x00000000         0x00040000         xr
SRAM             0x20000000         0x00010000         xw
*default*        0x00000000         0xffffffff

Linker script and memory map

LOAD /home/trandi/ti/ccsv6/tools/compiler/gcc-arm-none-eabi-4_9-2015q3/bin/../lib/gcc/arm-none-eabi/4.9.3/armv7-m/crti.o
LOAD /home/trandi/ti/ccsv6/tools/compiler/gcc-arm-none-eabi-4_9-2015q3/bin/../lib/gcc/arm-none-eabi/4.9.3/armv7-m/crtbegin.o
LOAD /home/trandi/ti/ccsv6/tools/compiler/gcc-arm-none-eabi-4_9-2015q3/bin/../lib/gcc/arm-none-eabi/4.9.3/../../../../arm-none-eabi/lib/armv7-m/crt0.o
LOAD ./lm3s8962_startup_ccs_gcc.o
LOAD ./main.o
LOAD ./rit128x96x4.o
LOAD ./ustdlib.o
LOAD ./freeRTOS/heap_1.o
LOAD ./freeRTOS/list.o
LOAD ./freeRTOS/port.o
LOAD ./freeRTOS/queue.o
LOAD ./freeRTOS/tasks.o
                0x00000000                PROVIDE (_intvecs_base_address, 0x0)

.isr_vector     0x00000000       0xf0
 *(.isr_vector)
 .isr_vector    0x00000000       0xf0 ./lm3s8962_startup_ccs_gcc.o
                0x00000000                g_pfnVectors
                0x20000000                PROVIDE (_vtable_base_address, 0x20000000)

.vtable
 *(.vtable)

.text           0x000000f0     0x5a40
 CREATE_OBJECT_SYMBOLS
 *(.text)
 .text          0x000000f0        0x0 /home/trandi/ti/ccsv6/tools/compiler/gcc-arm-none-eabi-4_9-2015q3/bin/../lib/gcc/arm-none-eabi/4.9.3/armv7-m/crti.o
 .text          0x000000f0       0x5c /home/trandi/ti/ccsv6/tools/compiler/gcc-arm-none-eabi-4_9-2015q3/bin/../lib/gcc/arm-none-eabi/4.9.3/armv7-m/crtbegin.o
 .text          0x0000014c       0x74 /home/trandi/ti/ccsv6/tools/compiler/gcc-arm-none-eabi-4_9-2015q3/bin/../lib/gcc/arm-none-eabi/4.9.3/../../../../arm-none-eabi/lib/armv7-m/crt0.o
                0x0000014c                _mainCRTStartup
                0x0000014c                _start
 .text          0x000001c0        0x0 ./lm3s8962_startup_ccs_gcc.o
 .text          0x000001c0        0x0 ./main.o
 .text          0x000001c0        0x0 ./rit128x96x4.o
 .text          0x000001c0        0x0 ./ustdlib.o
 .text          0x000001c0        0x0 ./freeRTOS/heap_1.o
 .text          0x000001c0        0x0 ./freeRTOS/list.o
 .text          0x000001c0        0x0 ./freeRTOS/port.o
 .text          0x000001c0        0x0 ./freeRTOS/queue.o
 .text          0x000001c0        0x0 ./freeRTOS/tasks.o
 .text          0x000001c0        0x0 /media/trandi/SSD_DATA/progsDan/TI/StellarisWare/driverlib/gcc-cm3/libdriver-cm3.a(can.o)
 .text          0x000001c0        0x0 /media/trandi/SSD_DATA/progsDan/TI/StellarisWare/driverlib/gcc-cm3/libdriver-cm3.a(gpio.o)
 .text          0x000001c0        0x0 /media/trandi/SSD_DATA/progsDan/TI/StellarisWare/driverlib/gcc-cm3/libdriver-cm3.a(interrupt.o)
 .text          0x000001c0        0x0 /media/trandi/SSD_DATA/progsDan/TI/StellarisWare/driverlib/gcc-cm3/libdriver-cm3.a(ssi.o)
 .text          0x000001c0        0x0 /media/trandi/SSD_DATA/progsDan/TI/StellarisWare/driverlib/gcc-cm3/libdriver-cm3.a(sysctl.o)
 .text          0x000001c0        0x0 /media/trandi/SSD_DATA/progsDan/TI/StellarisWare/driverlib/gcc-cm3/libdriver-cm3.a(uart.o)
 .text          0x000001c0        0x0 /media/trandi/SSD_DATA/progsDan/TI/StellarisWare/driverlib/gcc-cm3/libdriver-cm3.a(cpu.o)
 .text          0x000001c0        0x0 /home/trandi/ti/ccsv6/tools/compiler/gcc-arm-none-eabi-4_9-2015q3/bin/../lib/gcc/arm-none-eabi/4.9.3/../../../../arm-none-eabi/lib/armv7-m/libc.a(lib_a-exit.o)
 .text          0x000001c0        0x0 /home/trandi/ti/ccsv6/tools/compiler/gcc-arm-none-eabi-4_9-2015q3/bin/../lib/gcc/arm-none-eabi/4.9.3/../../../../arm-none-eabi/lib/armv7-m/libc.a(lib_a-impure.o)
 .text          0x000001c0        0x0 /home/trandi/ti/ccsv6/tools/compiler/gcc-arm-none-eabi-4_9-2015q3/bin/../lib/gcc/arm-none-eabi/4.9.3/../../../../arm-none-eabi/lib/armv7-m/libc.a(lib_a-init.o)
 .text          0x000001c0       0xec /home/trandi/ti/ccsv6/tools/compiler/gcc-arm-none-eabi-4_9-2015q3/bin/../lib/gcc/arm-none-eabi/4.9.3/../../../../arm-none-eabi/lib/armv7-m/libc.a(lib_a-memcpy.o)
                0x000001c0                memcpy
 .text          0x000002ac        0x0 /home/trandi/ti/ccsv6/tools/compiler/gcc-arm-none-eabi-4_9-2015q3/bin/../lib/gcc/arm-none-eabi/4.9.3/../../../../arm-none-eabi/lib/armv7-m/libc.a(lib_a-memset.o)
 .text          0x000002ac        0x0 /home/trandi/ti/ccsv6/tools/compiler/gcc-arm-none-eabi-4_9-2015q3/bin/../lib/gcc/arm-none-eabi/4.9.3/../../../../arm-none-eabi/lib/armv7-m/libc.a(lib_a-strncpy.o)
 .text          0x000002ac        0x0 /home/trandi/ti/ccsv6/tools/compiler/gcc-arm-none-eabi-4_9-2015q3/bin/../lib/gcc/arm-none-eabi/4.9.3/../../../../arm-none-eabi/lib/armv7-m/libc.a(lib_a-__call_atexit.o)
 .text          0x000002ac        0x0 /home/trandi/ti/ccsv6/tools/compiler/gcc-arm-none-eabi-4_9-2015q3/bin/../lib/gcc/arm-none-eabi/4.9.3/../../../../arm-none-eabi/lib/armv7-m/libc.a(lib_a-atexit.o)
 .text          0x000002ac        0x0 /home/trandi/ti/ccsv6/tools/compiler/gcc-arm-none-eabi-4_9-2015q3/bin/../lib/gcc/arm-none-eabi/4.9.3/../../../../arm-none-eabi/lib/armv7-m/libc.a(lib_a-fini.o)
 .text          0x000002ac        0x0 /home/trandi/ti/ccsv6/tools/compiler/gcc-arm-none-eabi-4_9-2015q3/bin/../lib/gcc/arm-none-eabi/4.9.3/../../../../arm-none-eabi/lib/armv7-m/libc.a(lib_a-__atexit.o)
 .text          0x000002ac        0x0 /home/trandi/ti/ccsv6/tools/compiler/gcc-arm-none-eabi-4_9-2015q3/bin/../lib/gcc/arm-none-eabi/4.9.3/../../../../arm-none-eabi/lib/armv7-m/libnosys.a(_exit.o)
 .text          0x000002ac        0x0 /home/trandi/ti/ccsv6/tools/compiler/gcc-arm-none-eabi-4_9-2015q3/bin/../lib/gcc/arm-none-eabi/4.9.3/armv7-m/crtend.o
 .text          0x000002ac        0x0 /home/trandi/ti/ccsv6/tools/compiler/gcc-arm-none-eabi-4_9-2015q3/bin/../lib/gcc/arm-none-eabi/4.9.3/armv7-m/crtn.o
 *(.text.*)
 .text.ResetISR
                0x000002ac       0x58 ./lm3s8962_startup_ccs_gcc.o
                0x000002ac                ResetISR
 .text.NmiSR    0x00000304        0x8 ./lm3s8962_startup_ccs_gcc.o
 .text.FaultISR
                0x0000030c        0x8 ./lm3s8962_startup_ccs_gcc.o
 .text.IntDefaultHandler
                0x00000314        0x8 ./lm3s8962_startup_ccs_gcc.o
 .text.display  0x0000031c       0xa4 ./main.o
                0x0000031c                display
 .text.sendUART
                0x000003c0       0x2c ./main.o
                0x000003c0                sendUART
 .text.initUART
                0x000003ec       0x4c ./main.o
                0x000003ec                initUART
 .text.initCAN  0x00000438       0xb8 ./main.o
                0x00000438                initCAN
 .text.sendCANShared
                0x000004f0       0xd0 ./main.o
                0x000004f0                sendCANShared
 .text.sendCAN  0x000005c0       0x90 ./main.o
                0x000005c0                sendCAN
 .text.initBoard
                0x00000650       0x64 ./main.o
                0x00000650                initBoard
 .text.taskUART
                0x000006b4      0x128 ./main.o
                0x000006b4                taskUART
 .text.taskBlink
                0x000007dc       0x34 ./main.o
                0x000007dc                taskBlink
 .text.taskCANDisplay
                0x00000810      0x1a0 ./main.o
                0x00000810                taskCANDisplay
 .text.lo8      0x000009b0       0x18 ./main.o
                0x000009b0                lo8
 .text.hi8      0x000009c8       0x1c ./main.o
                0x000009c8                hi8
 .text.setRPM   0x000009e4       0x48 ./main.o
                0x000009e4                setRPM
 .text.turnOffAirbagLight
                0x00000a2c       0x30 ./main.o
                0x00000a2c                turnOffAirbagLight
 .text.turnOffABSAnd2OtherLights
                0x00000a5c       0x30 ./main.o
                0x00000a5c                turnOffABSAnd2OtherLights
 .text.engineOnAndESPEnabled
                0x00000a8c       0x30 ./main.o
                0x00000a8c                engineOnAndESPEnabled
 .text.immobilizer
                0x00000abc       0x30 ./main.o
                0x00000abc                immobilizer
 .text.tyreLowPressure
                0x00000aec       0x30 ./main.o
                0x00000aec                tyreLowPressure
 .text.blinkers
                0x00000b1c       0x4c ./main.o
                0x00000b1c                blinkers
 .text.taskCANSend
                0x00000b68      0x154 ./main.o
                0x00000b68                taskCANSend
 .text.main     0x00000cbc       0xb0 ./main.o
                0x00000cbc                main
 .text.CANIntHandler
                0x00000d6c       0x88 ./main.o
                0x00000d6c                CANIntHandler
 .text.UARTIntHandler
                0x00000df4       0x2c ./main.o
                0x00000df4                UARTIntHandler
 .text.RITWriteCommand
                0x00000e20       0xa8 ./rit128x96x4.o
 .text.RITWriteData
                0x00000ec8       0xa8 ./rit128x96x4.o
 .text.RIT128x96x4Clear
                0x00000f70       0x70 ./rit128x96x4.o
                0x00000f70                RIT128x96x4Clear
 .text.RIT128x96x4StringDraw
                0x00000fe0      0x154 ./rit128x96x4.o
                0x00000fe0                RIT128x96x4StringDraw
 .text.RIT128x96x4ImageDraw
                0x00001134       0x98 ./rit128x96x4.o
                0x00001134                RIT128x96x4ImageDraw
 .text.RIT128x96x4Enable
                0x000011cc       0x70 ./rit128x96x4.o
                0x000011cc                RIT128x96x4Enable
 .text.RIT128x96x4Disable
                0x0000123c       0x78 ./rit128x96x4.o
                0x0000123c                RIT128x96x4Disable
 .text.RIT128x96x4Init
                0x000012b4       0xcc ./rit128x96x4.o
                0x000012b4                RIT128x96x4Init
 .text.RIT128x96x4DisplayOn
                0x00001380       0x48 ./rit128x96x4.o
                0x00001380                RIT128x96x4DisplayOn
 .text.RIT128x96x4DisplayOff
                0x000013c8       0x14 ./rit128x96x4.o
                0x000013c8                RIT128x96x4DisplayOff
 .text.ustrncpy
                0x000013dc       0x6c ./ustdlib.o
                0x000013dc                ustrncpy
 .text.uvsnprintf
                0x00001448      0x510 ./ustdlib.o
                0x00001448                uvsnprintf
 .text.usprintf
                0x00001958       0x30 ./ustdlib.o
                0x00001958                usprintf
 .text.usnprintf
                0x00001988       0x30 ./ustdlib.o
                0x00001988                usnprintf
 .text.ulocaltime
                0x000019b8      0x18c ./ustdlib.o
                0x000019b8                ulocaltime
 .text.ucmptime
                0x00001b44       0xe4 ./ustdlib.o
 .text.umktime  0x00001c28       0x88 ./ustdlib.o
                0x00001c28                umktime
 .text.ustrtoul
                0x00001cb0      0x150 ./ustdlib.o
                0x00001cb0                ustrtoul
 .text.ustrlen  0x00001e00       0x30 ./ustdlib.o
                0x00001e00                ustrlen
 .text.ustrstr  0x00001e30       0x44 ./ustdlib.o
                0x00001e30                ustrstr
 .text.ustrnicmp
                0x00001e74       0xa4 ./ustdlib.o
                0x00001e74                ustrnicmp
 .text.ustrcasecmp
                0x00001f18       0x20 ./ustdlib.o
                0x00001f18                ustrcasecmp
 .text.ustrncmp
                0x00001f38       0x6c ./ustdlib.o
                0x00001f38                ustrncmp
 .text.ustrcmp  0x00001fa4       0x20 ./ustdlib.o
                0x00001fa4                ustrcmp
 .text.usrand   0x00001fc4       0x1c ./ustdlib.o
                0x00001fc4                usrand
 .text.urand    0x00001fe0       0x30 ./ustdlib.o
                0x00001fe0                urand
 .text.pvPortMalloc
                0x00002010       0x70 ./freeRTOS/heap_1.o
                0x00002010                pvPortMalloc
 .text.vPortFree
                0x00002080       0x14 ./freeRTOS/heap_1.o
                0x00002080                vPortFree
 .text.vPortInitialiseBlocks
                0x00002094       0x18 ./freeRTOS/heap_1.o
                0x00002094                vPortInitialiseBlocks
 .text.xPortGetFreeHeapSize
                0x000020ac       0x1c ./freeRTOS/heap_1.o
                0x000020ac                xPortGetFreeHeapSize
 .text.vListInitialise
                0x000020c8       0x40 ./freeRTOS/list.o
                0x000020c8                vListInitialise
 .text.vListInitialiseItem
                0x00002108       0x18 ./freeRTOS/list.o
                0x00002108                vListInitialiseItem
 .text.vListInsertEnd
                0x00002120       0x50 ./freeRTOS/list.o
                0x00002120                vListInsertEnd
 .text.vListInsert
                0x00002170       0x70 ./freeRTOS/list.o
                0x00002170                vListInsert
 .text.vListRemove
                0x000021e0       0x50 ./freeRTOS/list.o
                0x000021e0                vListRemove
 .text.pxPortInitialiseStack
                0x00002230       0x54 ./freeRTOS/port.o
                0x00002230                pxPortInitialiseStack
 .text.vPortSVCHandler
                0x00002284       0x20 ./freeRTOS/port.o
                0x00002284                vPortSVCHandler
 .text.prvPortStartFirstTask
                0x000022a4       0x14 ./freeRTOS/port.o
 .text.xPortStartScheduler
                0x000022b8       0x38 ./freeRTOS/port.o
                0x000022b8                xPortStartScheduler
 .text.vPortEndScheduler
                0x000022f0        0xc ./freeRTOS/port.o
                0x000022f0                vPortEndScheduler
 .text.vPortYieldFromISR
                0x000022fc       0x18 ./freeRTOS/port.o
                0x000022fc                vPortYieldFromISR
 .text.vPortEnterCritical
                0x00002314       0x24 ./freeRTOS/port.o
                0x00002314                vPortEnterCritical
 .text.vPortExitCritical
                0x00002338       0x2c ./freeRTOS/port.o
                0x00002338                vPortExitCritical
 .text.xPortPendSVHandler
                0x00002364       0x3c ./freeRTOS/port.o
                0x00002364                xPortPendSVHandler
 .text.xPortSysTickHandler
                0x000023a0       0x30 ./freeRTOS/port.o
                0x000023a0                xPortSysTickHandler
 .text.prvSetupTimerInterrupt
                0x000023d0       0x24 ./freeRTOS/port.o
 .text.xQueueGenericReset
                0x000023f4       0x9c ./freeRTOS/queue.o
                0x000023f4                xQueueGenericReset
 .text.xQueueGenericCreate
                0x00002490       0x70 ./freeRTOS/queue.o
                0x00002490                xQueueGenericCreate
 .text.xQueueCreateMutex
                0x00002500       0x7c ./freeRTOS/queue.o
                0x00002500                xQueueCreateMutex
 .text.xQueueGetMutexHolder
                0x0000257c       0x30 ./freeRTOS/queue.o
                0x0000257c                xQueueGetMutexHolder
 .text.xQueueGiveMutexRecursive
                0x000025ac       0x48 ./freeRTOS/queue.o
                0x000025ac                xQueueGiveMutexRecursive
 .text.xQueueTakeMutexRecursive
                0x000025f4       0x50 ./freeRTOS/queue.o
                0x000025f4                xQueueTakeMutexRecursive
 .text.xQueueGenericSend
                0x00002644      0x10c ./freeRTOS/queue.o
                0x00002644                xQueueGenericSend
 .text.xQueueGenericSendFromISR
                0x00002750       0x80 ./freeRTOS/queue.o
                0x00002750                xQueueGenericSendFromISR
 .text.xQueueGenericReceive
                0x000027d0      0x16c ./freeRTOS/queue.o
                0x000027d0                xQueueGenericReceive
 .text.xQueueReceiveFromISR
                0x0000293c       0x84 ./freeRTOS/queue.o
                0x0000293c                xQueueReceiveFromISR
 .text.uxQueueMessagesWaiting
                0x000029c0       0x20 ./freeRTOS/queue.o
                0x000029c0                uxQueueMessagesWaiting
 .text.uxQueueMessagesWaitingFromISR
                0x000029e0       0x1c ./freeRTOS/queue.o
                0x000029e0                uxQueueMessagesWaitingFromISR
 .text.vQueueDelete
                0x000029fc       0x20 ./freeRTOS/queue.o
                0x000029fc                vQueueDelete
 .text.prvCopyDataToQueue
                0x00002a1c       0xb8 ./freeRTOS/queue.o
 .text.prvCopyDataFromQueue
                0x00002ad4       0x4c ./freeRTOS/queue.o
 .text.prvUnlockQueue
                0x00002b20       0x98 ./freeRTOS/queue.o
 .text.prvIsQueueEmpty
                0x00002bb8       0x2c ./freeRTOS/queue.o
 .text.xQueueIsQueueEmptyFromISR
                0x00002be4       0x28 ./freeRTOS/queue.o
                0x00002be4                xQueueIsQueueEmptyFromISR
 .text.prvIsQueueFull
                0x00002c0c       0x30 ./freeRTOS/queue.o
 .text.xQueueIsQueueFullFromISR
                0x00002c3c       0x2c ./freeRTOS/queue.o
                0x00002c3c                xQueueIsQueueFullFromISR
 .text.xTaskGenericCreate
                0x00002c68      0x150 ./freeRTOS/tasks.o
                0x00002c68                xTaskGenericCreate
 .text.vTaskDelayUntil
                0x00002db8       0x98 ./freeRTOS/tasks.o
                0x00002db8                vTaskDelayUntil
 .text.vTaskDelay
                0x00002e50       0x50 ./freeRTOS/tasks.o
                0x00002e50                vTaskDelay
 .text.vTaskStartScheduler
                0x00002ea0       0x58 ./freeRTOS/tasks.o
                0x00002ea0                vTaskStartScheduler
 .text.vTaskEndScheduler
                0x00002ef8       0x1c ./freeRTOS/tasks.o
                0x00002ef8                vTaskEndScheduler
 .text.vTaskSuspendAll
                0x00002f14       0x1c ./freeRTOS/tasks.o
                0x00002f14                vTaskSuspendAll
 .text.xTaskResumeAll
                0x00002f30       0xf4 ./freeRTOS/tasks.o
                0x00002f30                xTaskResumeAll
 .text.xTaskGetTickCount
                0x00003024       0x24 ./freeRTOS/tasks.o
                0x00003024                xTaskGetTickCount
 .text.xTaskGetTickCountFromISR
                0x00003048       0x34 ./freeRTOS/tasks.o
                0x00003048                xTaskGetTickCountFromISR
 .text.uxTaskGetNumberOfTasks
                0x0000307c       0x18 ./freeRTOS/tasks.o
                0x0000307c                uxTaskGetNumberOfTasks
 .text.vTaskIncrementTick
                0x00003094      0x12c ./freeRTOS/tasks.o
                0x00003094                vTaskIncrementTick
 .text.vTaskSwitchContext
                0x000031c0       0x94 ./freeRTOS/tasks.o
                0x000031c0                vTaskSwitchContext
 .text.vTaskPlaceOnEventList
                0x00003254       0x44 ./freeRTOS/tasks.o
                0x00003254                vTaskPlaceOnEventList
 .text.xTaskRemoveFromEventList
                0x00003298       0xa0 ./freeRTOS/tasks.o
                0x00003298                xTaskRemoveFromEventList
 .text.vTaskSetTimeOutState
                0x00003338       0x2c ./freeRTOS/tasks.o
                0x00003338                vTaskSetTimeOutState
 .text.xTaskCheckForTimeOut
                0x00003364       0x78 ./freeRTOS/tasks.o
                0x00003364                xTaskCheckForTimeOut
 .text.vTaskMissedYield
                0x000033dc       0x18 ./freeRTOS/tasks.o
                0x000033dc                vTaskMissedYield
 .text.prvIdleTask
                0x000033f4       0x10 ./freeRTOS/tasks.o
 .text.prvInitialiseTCBVariables
                0x00003404       0x6c ./freeRTOS/tasks.o
 .text.prvInitialiseTaskLists
                0x00003470       0x68 ./freeRTOS/tasks.o
 .text.prvCheckTasksWaitingTermination
                0x000034d8        0xc ./freeRTOS/tasks.o
 .text.prvAddCurrentTaskToDelayedList
                0x000034e4       0x6c ./freeRTOS/tasks.o
 .text.prvAllocateTCBAndStack
                0x00003550       0x64 ./freeRTOS/tasks.o
 .text.xTaskGetCurrentTaskHandle
                0x000035b4       0x20 ./freeRTOS/tasks.o
                0x000035b4                xTaskGetCurrentTaskHandle
 .text.vTaskPriorityInherit
                0x000035d4       0xa4 ./freeRTOS/tasks.o
                0x000035d4                vTaskPriorityInherit
 .text.vTaskPriorityDisinherit
                0x00003678       0x7c ./freeRTOS/tasks.o
                0x00003678                vTaskPriorityDisinherit
 .text.CANIntNumberGet
                0x000036f4       0x30 /media/trandi/SSD_DATA/progsDan/TI/StellarisWare/driverlib/gcc-cm3/libdriver-cm3.a(can.o)
 .text.CANRegWrite
                0x00003724       0x18 /media/trandi/SSD_DATA/progsDan/TI/StellarisWare/driverlib/gcc-cm3/libdriver-cm3.a(can.o)
 .text.CANRegRead
                0x0000373c       0x50 /media/trandi/SSD_DATA/progsDan/TI/StellarisWare/driverlib/gcc-cm3/libdriver-cm3.a(can.o)
 .text.CANInit  0x0000378c       0x86 /media/trandi/SSD_DATA/progsDan/TI/StellarisWare/driverlib/gcc-cm3/libdriver-cm3.a(can.o)
                0x0000378c                CANInit
 .text.CANEnable
                0x00003812       0x16 /media/trandi/SSD_DATA/progsDan/TI/StellarisWare/driverlib/gcc-cm3/libdriver-cm3.a(can.o)
                0x00003812                CANEnable
 .text.CANDisable
                0x00003828       0x16 /media/trandi/SSD_DATA/progsDan/TI/StellarisWare/driverlib/gcc-cm3/libdriver-cm3.a(can.o)
                0x00003828                CANDisable
 .text.CANBitTimingGet
                0x0000383e       0x46 /media/trandi/SSD_DATA/progsDan/TI/StellarisWare/driverlib/gcc-cm3/libdriver-cm3.a(can.o)
                0x0000383e                CANBitTimingGet
 .text.CANBitRateSet
                0x00003884       0x8c /media/trandi/SSD_DATA/progsDan/TI/StellarisWare/driverlib/gcc-cm3/libdriver-cm3.a(can.o)
                0x00003884                CANBitRateSet
 .text.CANBitTimingSet
                0x00003910       0x74 /media/trandi/SSD_DATA/progsDan/TI/StellarisWare/driverlib/gcc-cm3/libdriver-cm3.a(can.o)
                0x00003910                CANBitTimingSet
 .text.CANIntRegister
                0x00003984       0x1a /media/trandi/SSD_DATA/progsDan/TI/StellarisWare/driverlib/gcc-cm3/libdriver-cm3.a(can.o)
                0x00003984                CANIntRegister
 .text.CANIntUnregister
                0x0000399e       0x16 /media/trandi/SSD_DATA/progsDan/TI/StellarisWare/driverlib/gcc-cm3/libdriver-cm3.a(can.o)
                0x0000399e                CANIntUnregister
 .text.CANIntEnable
                0x000039b4       0x18 /media/trandi/SSD_DATA/progsDan/TI/StellarisWare/driverlib/gcc-cm3/libdriver-cm3.a(can.o)
                0x000039b4                CANIntEnable
 .text.CANIntDisable
                0x000039cc       0x18 /media/trandi/SSD_DATA/progsDan/TI/StellarisWare/driverlib/gcc-cm3/libdriver-cm3.a(can.o)
                0x000039cc                CANIntDisable
 .text.CANIntStatus
                0x000039e4       0x32 /media/trandi/SSD_DATA/progsDan/TI/StellarisWare/driverlib/gcc-cm3/libdriver-cm3.a(can.o)
                0x000039e4                CANIntStatus
 .text.CANIntClear
                0x00003a16       0x48 /media/trandi/SSD_DATA/progsDan/TI/StellarisWare/driverlib/gcc-cm3/libdriver-cm3.a(can.o)
                0x00003a16                CANIntClear
 .text.CANRetrySet
                0x00003a5e       0x20 /media/trandi/SSD_DATA/progsDan/TI/StellarisWare/driverlib/gcc-cm3/libdriver-cm3.a(can.o)
                0x00003a5e                CANRetrySet
 .text.CANRetryGet
                0x00003a7e       0x14 /media/trandi/SSD_DATA/progsDan/TI/StellarisWare/driverlib/gcc-cm3/libdriver-cm3.a(can.o)
                0x00003a7e                CANRetryGet
 .text.CANStatusGet
                0x00003a92       0x64 /media/trandi/SSD_DATA/progsDan/TI/StellarisWare/driverlib/gcc-cm3/libdriver-cm3.a(can.o)
                0x00003a92                CANStatusGet
 .text.CANErrCntrGet
                0x00003af6       0x20 /media/trandi/SSD_DATA/progsDan/TI/StellarisWare/driverlib/gcc-cm3/libdriver-cm3.a(can.o)
                0x00003af6                CANErrCntrGet
 .text.CANMessageSet
                0x00003b16      0x1ac /media/trandi/SSD_DATA/progsDan/TI/StellarisWare/driverlib/gcc-cm3/libdriver-cm3.a(can.o)
                0x00003b16                CANMessageSet
 .text.CANMessageGet
                0x00003cc2      0x1a0 /media/trandi/SSD_DATA/progsDan/TI/StellarisWare/driverlib/gcc-cm3/libdriver-cm3.a(can.o)
                0x00003cc2                CANMessageGet
 .text.CANMessageClear
                0x00003e62       0x44 /media/trandi/SSD_DATA/progsDan/TI/StellarisWare/driverlib/gcc-cm3/libdriver-cm3.a(can.o)
                0x00003e62                CANMessageClear
 *fill*         0x00003ea6        0x2 
 .text.GPIOGetIntNumber
                0x00003ea8      0x140 /media/trandi/SSD_DATA/progsDan/TI/StellarisWare/driverlib/gcc-cm3/libdriver-cm3.a(gpio.o)
 .text.GPIODirModeSet
                0x00003fe8       0x2e /media/trandi/SSD_DATA/progsDan/TI/StellarisWare/driverlib/gcc-cm3/libdriver-cm3.a(gpio.o)
                0x00003fe8                GPIODirModeSet
 .text.GPIODirModeGet
                0x00004016       0x24 /media/trandi/SSD_DATA/progsDan/TI/StellarisWare/driverlib/gcc-cm3/libdriver-cm3.a(gpio.o)
                0x00004016                GPIODirModeGet
 .text.GPIOIntTypeSet
                0x0000403a       0x48 /media/trandi/SSD_DATA/progsDan/TI/StellarisWare/driverlib/gcc-cm3/libdriver-cm3.a(gpio.o)
                0x0000403a                GPIOIntTypeSet
 .text.GPIOIntTypeGet
                0x00004082       0x32 /media/trandi/SSD_DATA/progsDan/TI/StellarisWare/driverlib/gcc-cm3/libdriver-cm3.a(gpio.o)
                0x00004082                GPIOIntTypeGet
 .text.GPIOPadConfigSet
                0x000040b4       0xc8 /media/trandi/SSD_DATA/progsDan/TI/StellarisWare/driverlib/gcc-cm3/libdriver-cm3.a(gpio.o)
                0x000040b4                GPIOPadConfigSet
 .text.GPIOPadConfigGet
                0x0000417c       0x76 /media/trandi/SSD_DATA/progsDan/TI/StellarisWare/driverlib/gcc-cm3/libdriver-cm3.a(gpio.o)
                0x0000417c                GPIOPadConfigGet
 .text.GPIOPinIntEnable
                0x000041f2        0xc /media/trandi/SSD_DATA/progsDan/TI/StellarisWare/driverlib/gcc-cm3/libdriver-cm3.a(gpio.o)
                0x000041f2                GPIOPinIntEnable
 .text.GPIOPinIntDisable
                0x000041fe        0xe /media/trandi/SSD_DATA/progsDan/TI/StellarisWare/driverlib/gcc-cm3/libdriver-cm3.a(gpio.o)
                0x000041fe                GPIOPinIntDisable
 .text.GPIOPinIntStatus
                0x0000420c        0xe /media/trandi/SSD_DATA/progsDan/TI/StellarisWare/driverlib/gcc-cm3/libdriver-cm3.a(gpio.o)
                0x0000420c                GPIOPinIntStatus
 .text.GPIOPinIntClear
                0x0000421a        0x6 /media/trandi/SSD_DATA/progsDan/TI/StellarisWare/driverlib/gcc-cm3/libdriver-cm3.a(gpio.o)
                0x0000421a                GPIOPinIntClear
 .text.GPIOPortIntRegister
                0x00004220       0x1a /media/trandi/SSD_DATA/progsDan/TI/StellarisWare/driverlib/gcc-cm3/libdriver-cm3.a(gpio.o)
                0x00004220                GPIOPortIntRegister
 .text.GPIOPortIntUnregister
                0x0000423a       0x16 /media/trandi/SSD_DATA/progsDan/TI/StellarisWare/driverlib/gcc-cm3/libdriver-cm3.a(gpio.o)
                0x0000423a                GPIOPortIntUnregister
 .text.GPIOPinRead
                0x00004250        0x6 /media/trandi/SSD_DATA/progsDan/TI/StellarisWare/driverlib/gcc-cm3/libdriver-cm3.a(gpio.o)
                0x00004250                GPIOPinRead
 .text.GPIOPinWrite
                0x00004256        0x6 /media/trandi/SSD_DATA/progsDan/TI/StellarisWare/driverlib/gcc-cm3/libdriver-cm3.a(gpio.o)
                0x00004256                GPIOPinWrite
 .text.GPIOPinTypeADC
                0x0000425c       0x1c /media/trandi/SSD_DATA/progsDan/TI/StellarisWare/driverlib/gcc-cm3/libdriver-cm3.a(gpio.o)
                0x0000425c                GPIOPinTypeADC
 .text.GPIOPinTypeCAN
                0x00004278       0x1c /media/trandi/SSD_DATA/progsDan/TI/StellarisWare/driverlib/gcc-cm3/libdriver-cm3.a(gpio.o)
                0x00004278                GPIOPinTypeCAN
 .text.GPIOPinTypeComparator
                0x00004294       0x1c /media/trandi/SSD_DATA/progsDan/TI/StellarisWare/driverlib/gcc-cm3/libdriver-cm3.a(gpio.o)
                0x00004294                GPIOPinTypeComparator
 .text.GPIOPinTypeEPI
                0x000042b0       0x1c /media/trandi/SSD_DATA/progsDan/TI/StellarisWare/driverlib/gcc-cm3/libdriver-cm3.a(gpio.o)
                0x000042b0                GPIOPinTypeEPI
 .text.GPIOPinTypeEthernetLED
                0x000042cc       0x1c /media/trandi/SSD_DATA/progsDan/TI/StellarisWare/driverlib/gcc-cm3/libdriver-cm3.a(gpio.o)
                0x000042cc                GPIOPinTypeEthernetLED
 .text.GPIOPinTypeEthernetMII
                0x000042e8       0x1c /media/trandi/SSD_DATA/progsDan/TI/StellarisWare/driverlib/gcc-cm3/libdriver-cm3.a(gpio.o)
                0x000042e8                GPIOPinTypeEthernetMII
 .text.GPIOPinTypeFan
                0x00004304       0x1c /media/trandi/SSD_DATA/progsDan/TI/StellarisWare/driverlib/gcc-cm3/libdriver-cm3.a(gpio.o)
                0x00004304                GPIOPinTypeFan
 .text.GPIOPinTypeGPIOInput
                0x00004320       0x1c /media/trandi/SSD_DATA/progsDan/TI/StellarisWare/driverlib/gcc-cm3/libdriver-cm3.a(gpio.o)
                0x00004320                GPIOPinTypeGPIOInput
 .text.GPIOPinTypeGPIOOutput
                0x0000433c       0x1c /media/trandi/SSD_DATA/progsDan/TI/StellarisWare/driverlib/gcc-cm3/libdriver-cm3.a(gpio.o)
                0x0000433c                GPIOPinTypeGPIOOutput
 .text.GPIOPinTypeGPIOOutputOD
                0x00004358       0x1c /media/trandi/SSD_DATA/progsDan/TI/StellarisWare/driverlib/gcc-cm3/libdriver-cm3.a(gpio.o)
                0x00004358                GPIOPinTypeGPIOOutputOD
 .text.GPIOPinTypeI2C
                0x00004374       0x1c /media/trandi/SSD_DATA/progsDan/TI/StellarisWare/driverlib/gcc-cm3/libdriver-cm3.a(gpio.o)
                0x00004374                GPIOPinTypeI2C
 .text.GPIOPinTypeI2CSCL
                0x00004390       0x90 /media/trandi/SSD_DATA/progsDan/TI/StellarisWare/driverlib/gcc-cm3/libdriver-cm3.a(gpio.o)
                0x00004390                GPIOPinTypeI2CSCL
 .text.GPIOPinTypeI2S
                0x00004420       0x1c /media/trandi/SSD_DATA/progsDan/TI/StellarisWare/driverlib/gcc-cm3/libdriver-cm3.a(gpio.o)
                0x00004420                GPIOPinTypeI2S
 .text.GPIOPinTypeLPC
                0x0000443c       0x1c /media/trandi/SSD_DATA/progsDan/TI/StellarisWare/driverlib/gcc-cm3/libdriver-cm3.a(gpio.o)
                0x0000443c                GPIOPinTypeLPC
 .text.GPIOPinTypePECIRx
                0x00004458       0x1c /media/trandi/SSD_DATA/progsDan/TI/StellarisWare/driverlib/gcc-cm3/libdriver-cm3.a(gpio.o)
                0x00004458                GPIOPinTypePECIRx
 .text.GPIOPinTypePECITx
                0x00004474       0x1c /media/trandi/SSD_DATA/progsDan/TI/StellarisWare/driverlib/gcc-cm3/libdriver-cm3.a(gpio.o)
                0x00004474                GPIOPinTypePECITx
 .text.GPIOPinTypePWM
                0x00004490       0x1c /media/trandi/SSD_DATA/progsDan/TI/StellarisWare/driverlib/gcc-cm3/libdriver-cm3.a(gpio.o)
                0x00004490                GPIOPinTypePWM
 .text.GPIOPinTypeQEI
                0x000044ac       0x1c /media/trandi/SSD_DATA/progsDan/TI/StellarisWare/driverlib/gcc-cm3/libdriver-cm3.a(gpio.o)
                0x000044ac                GPIOPinTypeQEI
 .text.GPIOPinTypeSSI
                0x000044c8       0x1c /media/trandi/SSD_DATA/progsDan/TI/StellarisWare/driverlib/gcc-cm3/libdriver-cm3.a(gpio.o)
                0x000044c8                GPIOPinTypeSSI
 .text.GPIOPinTypeTimer
                0x000044e4       0x1c /media/trandi/SSD_DATA/progsDan/TI/StellarisWare/driverlib/gcc-cm3/libdriver-cm3.a(gpio.o)
                0x000044e4                GPIOPinTypeTimer
 .text.GPIOPinTypeUART
                0x00004500       0x1c /media/trandi/SSD_DATA/progsDan/TI/StellarisWare/driverlib/gcc-cm3/libdriver-cm3.a(gpio.o)
                0x00004500                GPIOPinTypeUART
 .text.GPIOPinTypeUSBAnalog
                0x0000451c       0x1c /media/trandi/SSD_DATA/progsDan/TI/StellarisWare/driverlib/gcc-cm3/libdriver-cm3.a(gpio.o)
                0x0000451c                GPIOPinTypeUSBAnalog
 .text.GPIOPinTypeUSBDigital
                0x00004538       0x1c /media/trandi/SSD_DATA/progsDan/TI/StellarisWare/driverlib/gcc-cm3/libdriver-cm3.a(gpio.o)
                0x00004538                GPIOPinTypeUSBDigital
 .text.GPIOPinConfigure
                0x00004554       0x4c /media/trandi/SSD_DATA/progsDan/TI/StellarisWare/driverlib/gcc-cm3/libdriver-cm3.a(gpio.o)
                0x00004554                GPIOPinConfigure
 .text.GPIODMATriggerEnable
                0x000045a0        0xc /media/trandi/SSD_DATA/progsDan/TI/StellarisWare/driverlib/gcc-cm3/libdriver-cm3.a(gpio.o)
                0x000045a0                GPIODMATriggerEnable
 .text.GPIODMATriggerDisable
                0x000045ac        0xe /media/trandi/SSD_DATA/progsDan/TI/StellarisWare/driverlib/gcc-cm3/libdriver-cm3.a(gpio.o)
                0x000045ac                GPIODMATriggerDisable
 .text.GPIOADCTriggerEnable
                0x000045ba        0xc /media/trandi/SSD_DATA/progsDan/TI/StellarisWare/driverlib/gcc-cm3/libdriver-cm3.a(gpio.o)
                0x000045ba                GPIOADCTriggerEnable
 .text.GPIOADCTriggerDisable
                0x000045c6        0xe /media/trandi/SSD_DATA/progsDan/TI/StellarisWare/driverlib/gcc-cm3/libdriver-cm3.a(gpio.o)
                0x000045c6                GPIOADCTriggerDisable
 .text.IntDefaultHandler
                0x000045d4        0x2 /media/trandi/SSD_DATA/progsDan/TI/StellarisWare/driverlib/gcc-cm3/libdriver-cm3.a(interrupt.o)
 .text.IntMasterEnable
                0x000045d6        0xa /media/trandi/SSD_DATA/progsDan/TI/StellarisWare/driverlib/gcc-cm3/libdriver-cm3.a(interrupt.o)
                0x000045d6                IntMasterEnable
 .text.IntMasterDisable
                0x000045e0        0xa /media/trandi/SSD_DATA/progsDan/TI/StellarisWare/driverlib/gcc-cm3/libdriver-cm3.a(interrupt.o)
                0x000045e0                IntMasterDisable
 *fill*         0x000045ea        0x2 
 .text.IntRegister
                0x000045ec       0x30 /media/trandi/SSD_DATA/progsDan/TI/StellarisWare/driverlib/gcc-cm3/libdriver-cm3.a(interrupt.o)
                0x000045ec                IntRegister
 .text.IntUnregister
                0x0000461c       0x14 /media/trandi/SSD_DATA/progsDan/TI/StellarisWare/driverlib/gcc-cm3/libdriver-cm3.a(interrupt.o)
                0x0000461c                IntUnregister
 .text.IntPriorityGroupingSet
                0x00004630       0x1c /media/trandi/SSD_DATA/progsDan/TI/StellarisWare/driverlib/gcc-cm3/libdriver-cm3.a(interrupt.o)
                0x00004630                IntPriorityGroupingSet
 .text.IntPriorityGroupingGet
                0x0000464c       0x24 /media/trandi/SSD_DATA/progsDan/TI/StellarisWare/driverlib/gcc-cm3/libdriver-cm3.a(interrupt.o)
                0x0000464c                IntPriorityGroupingGet
 .text.IntPrioritySet
                0x00004670       0x28 /media/trandi/SSD_DATA/progsDan/TI/StellarisWare/driverlib/gcc-cm3/libdriver-cm3.a(interrupt.o)
                0x00004670                IntPrioritySet
 .text.IntPriorityGet
                0x00004698       0x1c /media/trandi/SSD_DATA/progsDan/TI/StellarisWare/driverlib/gcc-cm3/libdriver-cm3.a(interrupt.o)
                0x00004698                IntPriorityGet
 .text.IntEnable
                0x000046b4       0x60 /media/trandi/SSD_DATA/progsDan/TI/StellarisWare/driverlib/gcc-cm3/libdriver-cm3.a(interrupt.o)
                0x000046b4                IntEnable
 .text.IntDisable
                0x00004714       0x60 /media/trandi/SSD_DATA/progsDan/TI/StellarisWare/driverlib/gcc-cm3/libdriver-cm3.a(interrupt.o)
                0x00004714                IntDisable
 .text.IntIsEnabled
                0x00004774       0x64 /media/trandi/SSD_DATA/progsDan/TI/StellarisWare/driverlib/gcc-cm3/libdriver-cm3.a(interrupt.o)
                0x00004774                IntIsEnabled
 .text.IntPendSet
                0x000047d8       0x50 /media/trandi/SSD_DATA/progsDan/TI/StellarisWare/driverlib/gcc-cm3/libdriver-cm3.a(interrupt.o)
                0x000047d8                IntPendSet
 .text.IntPendClear
                0x00004828       0x40 /media/trandi/SSD_DATA/progsDan/TI/StellarisWare/driverlib/gcc-cm3/libdriver-cm3.a(interrupt.o)
                0x00004828                IntPendClear
 .text.IntPriorityMaskSet
                0x00004868        0x4 /media/trandi/SSD_DATA/progsDan/TI/StellarisWare/driverlib/gcc-cm3/libdriver-cm3.a(interrupt.o)
                0x00004868                IntPriorityMaskSet
 .text.IntPriorityMaskGet
                0x0000486c        0x4 /media/trandi/SSD_DATA/progsDan/TI/StellarisWare/driverlib/gcc-cm3/libdriver-cm3.a(interrupt.o)
                0x0000486c                IntPriorityMaskGet
 .text.SSIIntNumberGet
                0x00004870       0x4c /media/trandi/SSD_DATA/progsDan/TI/StellarisWare/driverlib/gcc-cm3/libdriver-cm3.a(ssi.o)
 .text.SSIConfigSetExpClk
                0x000048bc       0x4a /media/trandi/SSD_DATA/progsDan/TI/StellarisWare/driverlib/gcc-cm3/libdriver-cm3.a(ssi.o)
                0x000048bc                SSIConfigSetExpClk
 .text.SSIEnable
                0x00004906        0xa /media/trandi/SSD_DATA/progsDan/TI/StellarisWare/driverlib/gcc-cm3/libdriver-cm3.a(ssi.o)
                0x00004906                SSIEnable
 .text.SSIDisable
                0x00004910        0xa /media/trandi/SSD_DATA/progsDan/TI/StellarisWare/driverlib/gcc-cm3/libdriver-cm3.a(ssi.o)
                0x00004910                SSIDisable
 .text.SSIIntRegister
                0x0000491a       0x1a /media/trandi/SSD_DATA/progsDan/TI/StellarisWare/driverlib/gcc-cm3/libdriver-cm3.a(ssi.o)
                0x0000491a                SSIIntRegister
 .text.SSIIntUnregister
                0x00004934       0x16 /media/trandi/SSD_DATA/progsDan/TI/StellarisWare/driverlib/gcc-cm3/libdriver-cm3.a(ssi.o)
                0x00004934                SSIIntUnregister
 .text.SSIIntEnable
                0x0000494a        0x8 /media/trandi/SSD_DATA/progsDan/TI/StellarisWare/driverlib/gcc-cm3/libdriver-cm3.a(ssi.o)
                0x0000494a                SSIIntEnable
 .text.SSIIntDisable
                0x00004952        0xa /media/trandi/SSD_DATA/progsDan/TI/StellarisWare/driverlib/gcc-cm3/libdriver-cm3.a(ssi.o)
                0x00004952                SSIIntDisable
 .text.SSIIntStatus
                0x0000495c        0xa /media/trandi/SSD_DATA/progsDan/TI/StellarisWare/driverlib/gcc-cm3/libdriver-cm3.a(ssi.o)
                0x0000495c                SSIIntStatus
 .text.SSIIntClear
                0x00004966        0x4 /media/trandi/SSD_DATA/progsDan/TI/StellarisWare/driverlib/gcc-cm3/libdriver-cm3.a(ssi.o)
                0x00004966                SSIIntClear
 .text.SSIDataPut
                0x0000496a        0xc /media/trandi/SSD_DATA/progsDan/TI/StellarisWare/driverlib/gcc-cm3/libdriver-cm3.a(ssi.o)
                0x0000496a                SSIDataPut
 .text.SSIDataPutNonBlocking
                0x00004976       0x12 /media/trandi/SSD_DATA/progsDan/TI/StellarisWare/driverlib/gcc-cm3/libdriver-cm3.a(ssi.o)
                0x00004976                SSIDataPutNonBlocking
 .text.SSIDataGet
                0x00004988        0xe /media/trandi/SSD_DATA/progsDan/TI/StellarisWare/driverlib/gcc-cm3/libdriver-cm3.a(ssi.o)
                0x00004988                SSIDataGet
 .text.SSIDataGetNonBlocking
                0x00004996       0x14 /media/trandi/SSD_DATA/progsDan/TI/StellarisWare/driverlib/gcc-cm3/libdriver-cm3.a(ssi.o)
                0x00004996                SSIDataGetNonBlocking
 .text.SSIDMAEnable
                0x000049aa        0x8 /media/trandi/SSD_DATA/progsDan/TI/StellarisWare/driverlib/gcc-cm3/libdriver-cm3.a(ssi.o)
                0x000049aa                SSIDMAEnable
 .text.SSIDMADisable
                0x000049b2        0xa /media/trandi/SSD_DATA/progsDan/TI/StellarisWare/driverlib/gcc-cm3/libdriver-cm3.a(ssi.o)
                0x000049b2                SSIDMADisable
 .text.SSIBusy  0x000049bc        0x8 /media/trandi/SSD_DATA/progsDan/TI/StellarisWare/driverlib/gcc-cm3/libdriver-cm3.a(ssi.o)
                0x000049bc                SSIBusy
 .text.SSIClockSourceSet
                0x000049c4        0x6 /media/trandi/SSD_DATA/progsDan/TI/StellarisWare/driverlib/gcc-cm3/libdriver-cm3.a(ssi.o)
                0x000049c4                SSIClockSourceSet
 .text.SSIClockSourceGet
                0x000049ca        0x6 /media/trandi/SSD_DATA/progsDan/TI/StellarisWare/driverlib/gcc-cm3/libdriver-cm3.a(ssi.o)
                0x000049ca                SSIClockSourceGet
 .text.SysCtlPeripheralMapToNew
                0x000049d0       0x24 /media/trandi/SSD_DATA/progsDan/TI/StellarisWare/driverlib/gcc-cm3/libdriver-cm3.a(sysctl.o)
 .text.SysCtlSRAMSizeGet
                0x000049f4       0x14 /media/trandi/SSD_DATA/progsDan/TI/StellarisWare/driverlib/gcc-cm3/libdriver-cm3.a(sysctl.o)
                0x000049f4                SysCtlSRAMSizeGet
 .text.SysCtlFlashSizeGet
                0x00004a08       0x14 /media/trandi/SSD_DATA/progsDan/TI/StellarisWare/driverlib/gcc-cm3/libdriver-cm3.a(sysctl.o)
                0x00004a08                SysCtlFlashSizeGet
 .text.SysCtlPinPresent
                0x00004a1c       0x14 /media/trandi/SSD_DATA/progsDan/TI/StellarisWare/driverlib/gcc-cm3/libdriver-cm3.a(sysctl.o)
                0x00004a1c                SysCtlPinPresent
 .text.SysCtlPeripheralPresent
                0x00004a30       0x7c /media/trandi/SSD_DATA/progsDan/TI/StellarisWare/driverlib/gcc-cm3/libdriver-cm3.a(sysctl.o)
                0x00004a30                SysCtlPeripheralPresent
 .text.SysCtlPeripheralReady
                0x00004aac       0x38 /media/trandi/SSD_DATA/progsDan/TI/StellarisWare/driverlib/gcc-cm3/libdriver-cm3.a(sysctl.o)
                0x00004aac                SysCtlPeripheralReady
 .text.SysCtlPeripheralPowerOn
                0x00004ae4       0x38 /media/trandi/SSD_DATA/progsDan/TI/StellarisWare/driverlib/gcc-cm3/libdriver-cm3.a(sysctl.o)
                0x00004ae4                SysCtlPeripheralPowerOn
 .text.SysCtlPeripheralPowerOff
                0x00004b1c       0x38 /media/trandi/SSD_DATA/progsDan/TI/StellarisWare/driverlib/gcc-cm3/libdriver-cm3.a(sysctl.o)
                0x00004b1c                SysCtlPeripheralPowerOff
 .text.SysCtlPeripheralReset
                0x00004b54       0x8c /media/trandi/SSD_DATA/progsDan/TI/StellarisWare/driverlib/gcc-cm3/libdriver-cm3.a(sysctl.o)
                0x00004b54                SysCtlPeripheralReset
 .text.SysCtlPeripheralEnable
                0x00004be0       0x5c /media/trandi/SSD_DATA/progsDan/TI/StellarisWare/driverlib/gcc-cm3/libdriver-cm3.a(sysctl.o)
                0x00004be0                SysCtlPeripheralEnable
 .text.SysCtlPeripheralDisable
                0x00004c3c       0x5c /media/trandi/SSD_DATA/progsDan/TI/StellarisWare/driverlib/gcc-cm3/libdriver-cm3.a(sysctl.o)
                0x00004c3c                SysCtlPeripheralDisable
 .text.SysCtlPeripheralSleepEnable
                0x00004c98       0x5c /media/trandi/SSD_DATA/progsDan/TI/StellarisWare/driverlib/gcc-cm3/libdriver-cm3.a(sysctl.o)
                0x00004c98                SysCtlPeripheralSleepEnable
 .text.SysCtlPeripheralSleepDisable
                0x00004cf4       0x5c /media/trandi/SSD_DATA/progsDan/TI/StellarisWare/driverlib/gcc-cm3/libdriver-cm3.a(sysctl.o)
                0x00004cf4                SysCtlPeripheralSleepDisable
 .text.SysCtlPeripheralDeepSleepEnable
                0x00004d50       0x5c /media/trandi/SSD_DATA/progsDan/TI/StellarisWare/driverlib/gcc-cm3/libdriver-cm3.a(sysctl.o)
                0x00004d50                SysCtlPeripheralDeepSleepEnable
 .text.SysCtlPeripheralDeepSleepDisable
                0x00004dac       0x5c /media/trandi/SSD_DATA/progsDan/TI/StellarisWare/driverlib/gcc-cm3/libdriver-cm3.a(sysctl.o)
                0x00004dac                SysCtlPeripheralDeepSleepDisable
 .text.SysCtlPeripheralClockGating
                0x00004e08       0x1c /media/trandi/SSD_DATA/progsDan/TI/StellarisWare/driverlib/gcc-cm3/libdriver-cm3.a(sysctl.o)
                0x00004e08                SysCtlPeripheralClockGating
 .text.SysCtlIntRegister
                0x00004e24       0x14 /media/trandi/SSD_DATA/progsDan/TI/StellarisWare/driverlib/gcc-cm3/libdriver-cm3.a(sysctl.o)
                0x00004e24                SysCtlIntRegister
 .text.SysCtlIntUnregister
                0x00004e38       0x12 /media/trandi/SSD_DATA/progsDan/TI/StellarisWare/driverlib/gcc-cm3/libdriver-cm3.a(sysctl.o)
                0x00004e38                SysCtlIntUnregister
 *fill*         0x00004e4a        0x2 
 .text.SysCtlIntEnable
                0x00004e4c       0x10 /media/trandi/SSD_DATA/progsDan/TI/StellarisWare/driverlib/gcc-cm3/libdriver-cm3.a(sysctl.o)
                0x00004e4c                SysCtlIntEnable
 .text.SysCtlIntDisable
                0x00004e5c       0x10 /media/trandi/SSD_DATA/progsDan/TI/StellarisWare/driverlib/gcc-cm3/libdriver-cm3.a(sysctl.o)
                0x00004e5c                SysCtlIntDisable
 .text.SysCtlIntClear
                0x00004e6c        0xc /media/trandi/SSD_DATA/progsDan/TI/StellarisWare/driverlib/gcc-cm3/libdriver-cm3.a(sysctl.o)
                0x00004e6c                SysCtlIntClear
 .text.SysCtlIntStatus
                0x00004e78       0x18 /media/trandi/SSD_DATA/progsDan/TI/StellarisWare/driverlib/gcc-cm3/libdriver-cm3.a(sysctl.o)
                0x00004e78                SysCtlIntStatus
 .text.SysCtlLDOSet
                0x00004e90        0xc /media/trandi/SSD_DATA/progsDan/TI/StellarisWare/driverlib/gcc-cm3/libdriver-cm3.a(sysctl.o)
                0x00004e90                SysCtlLDOSet
 .text.SysCtlLDOGet
                0x00004e9c        0xc /media/trandi/SSD_DATA/progsDan/TI/StellarisWare/driverlib/gcc-cm3/libdriver-cm3.a(sysctl.o)
                0x00004e9c                SysCtlLDOGet
 .text.SysCtlLDOConfigSet
                0x00004ea8        0xc /media/trandi/SSD_DATA/progsDan/TI/StellarisWare/driverlib/gcc-cm3/libdriver-cm3.a(sysctl.o)
                0x00004ea8                SysCtlLDOConfigSet
 .text.SysCtlReset
                0x00004eb4       0x10 /media/trandi/SSD_DATA/progsDan/TI/StellarisWare/driverlib/gcc-cm3/libdriver-cm3.a(sysctl.o)
                0x00004eb4                SysCtlReset
 .text.SysCtlSleep
                0x00004ec4        0x4 /media/trandi/SSD_DATA/progsDan/TI/StellarisWare/driverlib/gcc-cm3/libdriver-cm3.a(sysctl.o)
                0x00004ec4                SysCtlSleep
 .text.SysCtlDeepSleep
                0x00004ec8       0x20 /media/trandi/SSD_DATA/progsDan/TI/StellarisWare/driverlib/gcc-cm3/libdriver-cm3.a(sysctl.o)
                0x00004ec8                SysCtlDeepSleep
 .text.SysCtlResetCauseGet
                0x00004ee8        0xc /media/trandi/SSD_DATA/progsDan/TI/StellarisWare/driverlib/gcc-cm3/libdriver-cm3.a(sysctl.o)
                0x00004ee8                SysCtlResetCauseGet
 .text.SysCtlResetCauseClear
                0x00004ef4       0x10 /media/trandi/SSD_DATA/progsDan/TI/StellarisWare/driverlib/gcc-cm3/libdriver-cm3.a(sysctl.o)
                0x00004ef4                SysCtlResetCauseClear
 .text.SysCtlBrownOutConfigSet
                0x00004f04       0x10 /media/trandi/SSD_DATA/progsDan/TI/StellarisWare/driverlib/gcc-cm3/libdriver-cm3.a(sysctl.o)
                0x00004f04                SysCtlBrownOutConfigSet
 .text.SysCtlDelay
                0x00004f14        0x6 /media/trandi/SSD_DATA/progsDan/TI/StellarisWare/driverlib/gcc-cm3/libdriver-cm3.a(sysctl.o)
                0x00004f14                SysCtlDelay
 *fill*         0x00004f1a        0x2 
 .text.SysCtlMOSCConfigSet
                0x00004f1c        0xc /media/trandi/SSD_DATA/progsDan/TI/StellarisWare/driverlib/gcc-cm3/libdriver-cm3.a(sysctl.o)
                0x00004f1c                SysCtlMOSCConfigSet
 .text.SysCtlPIOSCCalibrate
                0x00004f28       0x54 /media/trandi/SSD_DATA/progsDan/TI/StellarisWare/driverlib/gcc-cm3/libdriver-cm3.a(sysctl.o)
                0x00004f28                SysCtlPIOSCCalibrate
 .text.SysCtlClockSet
                0x00004f7c      0x174 /media/trandi/SSD_DATA/progsDan/TI/StellarisWare/driverlib/gcc-cm3/libdriver-cm3.a(sysctl.o)
                0x00004f7c                SysCtlClockSet
 .text.SysCtlClockGet
                0x000050f0      0x1dc /media/trandi/SSD_DATA/progsDan/TI/StellarisWare/driverlib/gcc-cm3/libdriver-cm3.a(sysctl.o)
                0x000050f0                SysCtlClockGet
 .text.SysCtlDeepSleepClockSet
                0x000052cc        0xc /media/trandi/SSD_DATA/progsDan/TI/StellarisWare/driverlib/gcc-cm3/libdriver-cm3.a(sysctl.o)
                0x000052cc                SysCtlDeepSleepClockSet
 .text.SysCtlPWMClockSet
                0x000052d8       0x14 /media/trandi/SSD_DATA/progsDan/TI/StellarisWare/driverlib/gcc-cm3/libdriver-cm3.a(sysctl.o)
                0x000052d8                SysCtlPWMClockSet
 .text.SysCtlPWMClockGet
                0x000052ec       0x18 /media/trandi/SSD_DATA/progsDan/TI/StellarisWare/driverlib/gcc-cm3/libdriver-cm3.a(sysctl.o)
                0x000052ec                SysCtlPWMClockGet
 .text.SysCtlADCSpeedSet
                0x00005304       0x20 /media/trandi/SSD_DATA/progsDan/TI/StellarisWare/driverlib/gcc-cm3/libdriver-cm3.a(sysctl.o)
                0x00005304                SysCtlADCSpeedSet
 .text.SysCtlADCSpeedGet
                0x00005324       0x10 /media/trandi/SSD_DATA/progsDan/TI/StellarisWare/driverlib/gcc-cm3/libdriver-cm3.a(sysctl.o)
                0x00005324                SysCtlADCSpeedGet
 .text.SysCtlIOSCVerificationSet
                0x00005334       0x1c /media/trandi/SSD_DATA/progsDan/TI/StellarisWare/driverlib/gcc-cm3/libdriver-cm3.a(sysctl.o)
                0x00005334                SysCtlIOSCVerificationSet
 .text.SysCtlMOSCVerificationSet
                0x00005350       0x1c /media/trandi/SSD_DATA/progsDan/TI/StellarisWare/driverlib/gcc-cm3/libdriver-cm3.a(sysctl.o)
                0x00005350                SysCtlMOSCVerificationSet
 .text.SysCtlPLLVerificationSet
                0x0000536c       0x1c /media/trandi/SSD_DATA/progsDan/TI/StellarisWare/driverlib/gcc-cm3/libdriver-cm3.a(sysctl.o)
                0x0000536c                SysCtlPLLVerificationSet
 .text.SysCtlClkVerificationClear
                0x00005388       0x10 /media/trandi/SSD_DATA/progsDan/TI/StellarisWare/driverlib/gcc-cm3/libdriver-cm3.a(sysctl.o)
                0x00005388                SysCtlClkVerificationClear
 .text.SysCtlGPIOAHBEnable
                0x00005398       0x14 /media/trandi/SSD_DATA/progsDan/TI/StellarisWare/driverlib/gcc-cm3/libdriver-cm3.a(sysctl.o)
                0x00005398                SysCtlGPIOAHBEnable
 .text.SysCtlGPIOAHBDisable
                0x000053ac       0x14 /media/trandi/SSD_DATA/progsDan/TI/StellarisWare/driverlib/gcc-cm3/libdriver-cm3.a(sysctl.o)
                0x000053ac                SysCtlGPIOAHBDisable
 .text.SysCtlUSBPLLEnable
                0x000053c0       0x10 /media/trandi/SSD_DATA/progsDan/TI/StellarisWare/driverlib/gcc-cm3/libdriver-cm3.a(sysctl.o)
                0x000053c0                SysCtlUSBPLLEnable
 .text.SysCtlUSBPLLDisable
                0x000053d0       0x10 /media/trandi/SSD_DATA/progsDan/TI/StellarisWare/driverlib/gcc-cm3/libdriver-cm3.a(sysctl.o)
                0x000053d0                SysCtlUSBPLLDisable
 .text.SysCtlI2SMClkSet
                0x000053e0       0xe0 /media/trandi/SSD_DATA/progsDan/TI/StellarisWare/driverlib/gcc-cm3/libdriver-cm3.a(sysctl.o)
                0x000053e0                SysCtlI2SMClkSet
 .text.UARTIntNumberGet
                0x000054c0       0x28 /media/trandi/SSD_DATA/progsDan/TI/StellarisWare/driverlib/gcc-cm3/libdriver-cm3.a(uart.o)
 .text.UARTParityModeSet
                0x000054e8        0xc /media/trandi/SSD_DATA/progsDan/TI/StellarisWare/driverlib/gcc-cm3/libdriver-cm3.a(uart.o)
                0x000054e8                UARTParityModeSet
 .text.UARTParityModeGet
                0x000054f4        0x8 /media/trandi/SSD_DATA/progsDan/TI/StellarisWare/driverlib/gcc-cm3/libdriver-cm3.a(uart.o)
                0x000054f4                UARTParityModeGet
 .text.UARTFIFOLevelSet
                0x000054fc        0x6 /media/trandi/SSD_DATA/progsDan/TI/StellarisWare/driverlib/gcc-cm3/libdriver-cm3.a(uart.o)
                0x000054fc                UARTFIFOLevelSet
 .text.UARTFIFOLevelGet
                0x00005502       0x10 /media/trandi/SSD_DATA/progsDan/TI/StellarisWare/driverlib/gcc-cm3/libdriver-cm3.a(uart.o)
                0x00005502                UARTFIFOLevelGet
 .text.UARTConfigGetExpClk
                0x00005512       0x28 /media/trandi/SSD_DATA/progsDan/TI/StellarisWare/driverlib/gcc-cm3/libdriver-cm3.a(uart.o)
                0x00005512                UARTConfigGetExpClk
 .text.UARTEnable
                0x0000553a       0x16 /media/trandi/SSD_DATA/progsDan/TI/StellarisWare/driverlib/gcc-cm3/libdriver-cm3.a(uart.o)
                0x0000553a                UARTEnable
 .text.UARTDisable
                0x00005550       0x1e /media/trandi/SSD_DATA/progsDan/TI/StellarisWare/driverlib/gcc-cm3/libdriver-cm3.a(uart.o)
                0x00005550                UARTDisable
 .text.UARTConfigSetExpClk
                0x0000556e       0x4e /media/trandi/SSD_DATA/progsDan/TI/StellarisWare/driverlib/gcc-cm3/libdriver-cm3.a(uart.o)
                0x0000556e                UARTConfigSetExpClk
 .text.UARTFIFOEnable
                0x000055bc        0xa /media/trandi/SSD_DATA/progsDan/TI/StellarisWare/driverlib/gcc-cm3/libdriver-cm3.a(uart.o)
                0x000055bc                UARTFIFOEnable
 .text.UARTFIFODisable
                0x000055c6        0xa /media/trandi/SSD_DATA/progsDan/TI/StellarisWare/driverlib/gcc-cm3/libdriver-cm3.a(uart.o)
                0x000055c6                UARTFIFODisable
 .text.UARTEnableSIR
                0x000055d0       0x14 /media/trandi/SSD_DATA/progsDan/TI/StellarisWare/driverlib/gcc-cm3/libdriver-cm3.a(uart.o)
                0x000055d0                UARTEnableSIR
 .text.UARTDisableSIR
                0x000055e4        0xa /media/trandi/SSD_DATA/progsDan/TI/StellarisWare/driverlib/gcc-cm3/libdriver-cm3.a(uart.o)
                0x000055e4                UARTDisableSIR
 .text.UARTSmartCardEnable
                0x000055ee       0x16 /media/trandi/SSD_DATA/progsDan/TI/StellarisWare/driverlib/gcc-cm3/libdriver-cm3.a(uart.o)
                0x000055ee                UARTSmartCardEnable
 .text.UARTSmartCardDisable
                0x00005604        0xa /media/trandi/SSD_DATA/progsDan/TI/StellarisWare/driverlib/gcc-cm3/libdriver-cm3.a(uart.o)
                0x00005604                UARTSmartCardDisable
 .text.UARTModemControlSet
                0x0000560e        0xc /media/trandi/SSD_DATA/progsDan/TI/StellarisWare/driverlib/gcc-cm3/libdriver-cm3.a(uart.o)
                0x0000560e                UARTModemControlSet
 .text.UARTModemControlClear
                0x0000561a        0xe /media/trandi/SSD_DATA/progsDan/TI/StellarisWare/driverlib/gcc-cm3/libdriver-cm3.a(uart.o)
                0x0000561a                UARTModemControlClear
 .text.UARTModemControlGet
                0x00005628        0x8 /media/trandi/SSD_DATA/progsDan/TI/StellarisWare/driverlib/gcc-cm3/libdriver-cm3.a(uart.o)
                0x00005628                UARTModemControlGet
 .text.UARTModemStatusGet
                0x00005630        0xc /media/trandi/SSD_DATA/progsDan/TI/StellarisWare/driverlib/gcc-cm3/libdriver-cm3.a(uart.o)
                0x00005630                UARTModemStatusGet
 .text.UARTFlowControlSet
                0x0000563c        0xc /media/trandi/SSD_DATA/progsDan/TI/StellarisWare/driverlib/gcc-cm3/libdriver-cm3.a(uart.o)
                0x0000563c                UARTFlowControlSet
 .text.UARTFlowControlGet
                0x00005648        0x8 /media/trandi/SSD_DATA/progsDan/TI/StellarisWare/driverlib/gcc-cm3/libdriver-cm3.a(uart.o)
                0x00005648                UARTFlowControlGet
 .text.UARTTxIntModeSet
                0x00005650        0xc /media/trandi/SSD_DATA/progsDan/TI/StellarisWare/driverlib/gcc-cm3/libdriver-cm3.a(uart.o)
                0x00005650                UARTTxIntModeSet
 .text.UARTTxIntModeGet
                0x0000565c        0x8 /media/trandi/SSD_DATA/progsDan/TI/StellarisWare/driverlib/gcc-cm3/libdriver-cm3.a(uart.o)
                0x0000565c                UARTTxIntModeGet
 .text.UARTCharsAvail
                0x00005664       0x10 /media/trandi/SSD_DATA/progsDan/TI/StellarisWare/driverlib/gcc-cm3/libdriver-cm3.a(uart.o)
                0x00005664                UARTCharsAvail
 .text.UARTSpaceAvail
                0x00005674       0x10 /media/trandi/SSD_DATA/progsDan/TI/StellarisWare/driverlib/gcc-cm3/libdriver-cm3.a(uart.o)
                0x00005674                UARTSpaceAvail
 .text.UARTCharGetNonBlocking
                0x00005684       0x10 /media/trandi/SSD_DATA/progsDan/TI/StellarisWare/driverlib/gcc-cm3/libdriver-cm3.a(uart.o)
                0x00005684                UARTCharGetNonBlocking
 .text.UARTCharGet
                0x00005694        0xc /media/trandi/SSD_DATA/progsDan/TI/StellarisWare/driverlib/gcc-cm3/libdriver-cm3.a(uart.o)
                0x00005694                UARTCharGet
 .text.UARTCharPutNonBlocking
                0x000056a0       0x12 /media/trandi/SSD_DATA/progsDan/TI/StellarisWare/driverlib/gcc-cm3/libdriver-cm3.a(uart.o)
                0x000056a0                UARTCharPutNonBlocking
 .text.UARTCharPut
                0x000056b2        0xc /media/trandi/SSD_DATA/progsDan/TI/StellarisWare/driverlib/gcc-cm3/libdriver-cm3.a(uart.o)
                0x000056b2                UARTCharPut
 .text.UARTBreakCtl
                0x000056be       0x18 /media/trandi/SSD_DATA/progsDan/TI/StellarisWare/driverlib/gcc-cm3/libdriver-cm3.a(uart.o)
                0x000056be                UARTBreakCtl
 .text.UARTBusy
                0x000056d6        0x8 /media/trandi/SSD_DATA/progsDan/TI/StellarisWare/driverlib/gcc-cm3/libdriver-cm3.a(uart.o)
                0x000056d6                UARTBusy
 .text.UARTIntRegister
                0x000056de       0x1a /media/trandi/SSD_DATA/progsDan/TI/StellarisWare/driverlib/gcc-cm3/libdriver-cm3.a(uart.o)
                0x000056de                UARTIntRegister
 .text.UARTIntUnregister
                0x000056f8       0x16 /media/trandi/SSD_DATA/progsDan/TI/StellarisWare/driverlib/gcc-cm3/libdriver-cm3.a(uart.o)
                0x000056f8                UARTIntUnregister
 .text.UARTIntEnable
                0x0000570e        0x8 /media/trandi/SSD_DATA/progsDan/TI/StellarisWare/driverlib/gcc-cm3/libdriver-cm3.a(uart.o)
                0x0000570e                UARTIntEnable
 .text.UARTIntDisable
                0x00005716        0xa /media/trandi/SSD_DATA/progsDan/TI/StellarisWare/driverlib/gcc-cm3/libdriver-cm3.a(uart.o)
                0x00005716                UARTIntDisable
 .text.UARTIntStatus
                0x00005720        0xa /media/trandi/SSD_DATA/progsDan/TI/StellarisWare/driverlib/gcc-cm3/libdriver-cm3.a(uart.o)
                0x00005720                UARTIntStatus
 .text.UARTIntClear
                0x0000572a        0x4 /media/trandi/SSD_DATA/progsDan/TI/StellarisWare/driverlib/gcc-cm3/libdriver-cm3.a(uart.o)
                0x0000572a                UARTIntClear
 .text.UARTDMAEnable
                0x0000572e        0x8 /media/trandi/SSD_DATA/progsDan/TI/StellarisWare/driverlib/gcc-cm3/libdriver-cm3.a(uart.o)
                0x0000572e                UARTDMAEnable
 .text.UARTDMADisable
                0x00005736        0xa /media/trandi/SSD_DATA/progsDan/TI/StellarisWare/driverlib/gcc-cm3/libdriver-cm3.a(uart.o)
                0x00005736                UARTDMADisable
 .text.UARTRxErrorGet
                0x00005740        0x8 /media/trandi/SSD_DATA/progsDan/TI/StellarisWare/driverlib/gcc-cm3/libdriver-cm3.a(uart.o)
                0x00005740                UARTRxErrorGet
 .text.UARTRxErrorClear
                0x00005748        0x6 /media/trandi/SSD_DATA/progsDan/TI/StellarisWare/driverlib/gcc-cm3/libdriver-cm3.a(uart.o)
                0x00005748                UARTRxErrorClear
 .text.UARTClockSourceSet
                0x0000574e        0x6 /media/trandi/SSD_DATA/progsDan/TI/StellarisWare/driverlib/gcc-cm3/libdriver-cm3.a(uart.o)
                0x0000574e                UARTClockSourceSet
 .text.UARTClockSourceGet
                0x00005754        0x6 /media/trandi/SSD_DATA/progsDan/TI/StellarisWare/driverlib/gcc-cm3/libdriver-cm3.a(uart.o)
                0x00005754                UARTClockSourceGet
 .text.UART9BitEnable
                0x0000575a        0xe /media/trandi/SSD_DATA/progsDan/TI/StellarisWare/driverlib/gcc-cm3/libdriver-cm3.a(uart.o)
                0x0000575a                UART9BitEnable
 .text.UART9BitDisable
                0x00005768        0xe /media/trandi/SSD_DATA/progsDan/TI/StellarisWare/driverlib/gcc-cm3/libdriver-cm3.a(uart.o)
                0x00005768                UART9BitDisable
 .text.UART9BitAddrSet
                0x00005776        0xa /media/trandi/SSD_DATA/progsDan/TI/StellarisWare/driverlib/gcc-cm3/libdriver-cm3.a(uart.o)
                0x00005776                UART9BitAddrSet
 .text.UART9BitAddrSend
                0x00005780       0x28 /media/trandi/SSD_DATA/progsDan/TI/StellarisWare/driverlib/gcc-cm3/libdriver-cm3.a(uart.o)
                0x00005780                UART9BitAddrSend
 .text.CPUcpsid
                0x000057a8        0x8 /media/trandi/SSD_DATA/progsDan/TI/StellarisWare/driverlib/gcc-cm3/libdriver-cm3.a(cpu.o)
                0x000057a8                CPUcpsid
 .text.CPUprimask
                0x000057b0        0x6 /media/trandi/SSD_DATA/progsDan/TI/StellarisWare/driverlib/gcc-cm3/libdriver-cm3.a(cpu.o)
                0x000057b0                CPUprimask
 .text.CPUcpsie
                0x000057b6        0x8 /media/trandi/SSD_DATA/progsDan/TI/StellarisWare/driverlib/gcc-cm3/libdriver-cm3.a(cpu.o)
                0x000057b6                CPUcpsie
 .text.CPUwfi   0x000057be        0x4 /media/trandi/SSD_DATA/progsDan/TI/StellarisWare/driverlib/gcc-cm3/libdriver-cm3.a(cpu.o)
                0x000057be                CPUwfi
 .text.CPUbasepriSet
                0x000057c2        0x6 /media/trandi/SSD_DATA/progsDan/TI/StellarisWare/driverlib/gcc-cm3/libdriver-cm3.a(cpu.o)
                0x000057c2                CPUbasepriSet
 .text.CPUbasepriGet
                0x000057c8        0x6 /media/trandi/SSD_DATA/progsDan/TI/StellarisWare/driverlib/gcc-cm3/libdriver-cm3.a(cpu.o)
                0x000057c8                CPUbasepriGet
 *fill*         0x000057ce        0x2 
 .text.exit     0x000057d0       0x20 /home/trandi/ti/ccsv6/tools/compiler/gcc-arm-none-eabi-4_9-2015q3/bin/../lib/gcc/arm-none-eabi/4.9.3/../../../../arm-none-eabi/lib/armv7-m/libc.a(lib_a-exit.o)
                0x000057d0                exit
 .text.__libc_init_array
                0x000057f0       0x50 /home/trandi/ti/ccsv6/tools/compiler/gcc-arm-none-eabi-4_9-2015q3/bin/../lib/gcc/arm-none-eabi/4.9.3/../../../../arm-none-eabi/lib/armv7-m/libc.a(lib_a-init.o)
                0x000057f0                __libc_init_array
 .text.memset   0x00005840       0x9c /home/trandi/ti/ccsv6/tools/compiler/gcc-arm-none-eabi-4_9-2015q3/bin/../lib/gcc/arm-none-eabi/4.9.3/../../../../arm-none-eabi/lib/armv7-m/libc.a(lib_a-memset.o)
                0x00005840                memset
 .text.strncpy  0x000058dc       0x68 /home/trandi/ti/ccsv6/tools/compiler/gcc-arm-none-eabi-4_9-2015q3/bin/../lib/gcc/arm-none-eabi/4.9.3/../../../../arm-none-eabi/lib/armv7-m/libc.a(lib_a-strncpy.o)
                0x000058dc                strncpy
 .text.startup.register_fini
                0x00005944       0x14 /home/trandi/ti/ccsv6/tools/compiler/gcc-arm-none-eabi-4_9-2015q3/bin/../lib/gcc/arm-none-eabi/4.9.3/../../../../arm-none-eabi/lib/armv7-m/libc.a(lib_a-__call_atexit.o)
 .text.__call_exitprocs
                0x00005958       0xd4 /home/trandi/ti/ccsv6/tools/compiler/gcc-arm-none-eabi-4_9-2015q3/bin/../lib/gcc/arm-none-eabi/4.9.3/../../../../arm-none-eabi/lib/armv7-m/libc.a(lib_a-__call_atexit.o)
                0x00005958                __call_exitprocs
 .text.atexit   0x00005a2c        0xc /home/trandi/ti/ccsv6/tools/compiler/gcc-arm-none-eabi-4_9-2015q3/bin/../lib/gcc/arm-none-eabi/4.9.3/../../../../arm-none-eabi/lib/armv7-m/libc.a(lib_a-atexit.o)
                0x00005a2c                atexit
 .text.__libc_fini_array
                0x00005a38       0x2c /home/trandi/ti/ccsv6/tools/compiler/gcc-arm-none-eabi-4_9-2015q3/bin/../lib/gcc/arm-none-eabi/4.9.3/../../../../arm-none-eabi/lib/armv7-m/libc.a(lib_a-fini.o)
                0x00005a38                __libc_fini_array
 .text.__register_exitproc
                0x00005a64       0xa4 /home/trandi/ti/ccsv6/tools/compiler/gcc-arm-none-eabi-4_9-2015q3/bin/../lib/gcc/arm-none-eabi/4.9.3/../../../../arm-none-eabi/lib/armv7-m/libc.a(lib_a-__atexit.o)
                0x00005a64                __register_exitproc
 .text._exit    0x00005b08        0x4 /home/trandi/ti/ccsv6/tools/compiler/gcc-arm-none-eabi-4_9-2015q3/bin/../lib/gcc/arm-none-eabi/4.9.3/../../../../arm-none-eabi/lib/armv7-m/libnosys.a(_exit.o)
                0x00005b08                _exit
                0x00005b0c                . = ALIGN (0x4)
 *(.ctors)
                0x00005b0c                . = ALIGN (0x4)
 *(.dtors)
                0x00005b0c                . = ALIGN (0x4)
                0x00005b0c                __init_array_start = .
 *(.init_array*)
 .init_array    0x00005b0c        0x4 /home/trandi/ti/ccsv6/tools/compiler/gcc-arm-none-eabi-4_9-2015q3/bin/../lib/gcc/arm-none-eabi/4.9.3/armv7-m/crtbegin.o
 .init_array.00000
                0x00005b10        0x4 /home/trandi/ti/ccsv6/tools/compiler/gcc-arm-none-eabi-4_9-2015q3/bin/../lib/gcc/arm-none-eabi/4.9.3/../../../../arm-none-eabi/lib/armv7-m/libc.a(lib_a-__call_atexit.o)
                0x00005b14                __init_array_end = .
 *(.init)
 .init          0x00005b14        0x4 /home/trandi/ti/ccsv6/tools/compiler/gcc-arm-none-eabi-4_9-2015q3/bin/../lib/gcc/arm-none-eabi/4.9.3/armv7-m/crti.o
                0x00005b14                _init
 .init          0x00005b18        0x8 /home/trandi/ti/ccsv6/tools/compiler/gcc-arm-none-eabi-4_9-2015q3/bin/../lib/gcc/arm-none-eabi/4.9.3/armv7-m/crtn.o
 *(.fini*)
 .fini          0x00005b20        0x4 /home/trandi/ti/ccsv6/tools/compiler/gcc-arm-none-eabi-4_9-2015q3/bin/../lib/gcc/arm-none-eabi/4.9.3/armv7-m/crti.o
                0x00005b20                _fini
 .fini_array    0x00005b24        0x4 /home/trandi/ti/ccsv6/tools/compiler/gcc-arm-none-eabi-4_9-2015q3/bin/../lib/gcc/arm-none-eabi/4.9.3/armv7-m/crtbegin.o
 .fini          0x00005b28        0x8 /home/trandi/ti/ccsv6/tools/compiler/gcc-arm-none-eabi-4_9-2015q3/bin/../lib/gcc/arm-none-eabi/4.9.3/armv7-m/crtn.o
                0x00005b30                PROVIDE (__etext, .)
                0x00005b30                PROVIDE (_etext, .)
                0x00005b30                PROVIDE (etext, .)

.glue_7         0x00005b30        0x0
 .glue_7        0x00000000        0x0 linker stubs

.glue_7t        0x00005b30        0x0
 .glue_7t       0x00000000        0x0 linker stubs

.vfp11_veneer   0x00005b30        0x0
 .vfp11_veneer  0x00000000        0x0 linker stubs

.v4_bx          0x00005b30        0x0
 .v4_bx         0x00000000        0x0 linker stubs

.iplt           0x00005b30        0x0
 .iplt          0x00000000        0x0 /home/trandi/ti/ccsv6/tools/compiler/gcc-arm-none-eabi-4_9-2015q3/bin/../lib/gcc/arm-none-eabi/4.9.3/armv7-m/crtbegin.o

.rodata         0x00005b30      0x788
 *(.rodata)
 .rodata        0x00005b30      0x125 ./main.o
 *fill*         0x00005c55        0x3 
 .rodata        0x00005c58       0x1a ./ustdlib.o
 *fill*         0x00005c72        0x2 
 .rodata        0x00005c74        0x5 ./freeRTOS/tasks.o
 *(.rodata*)
 *fill*         0x00005c79        0x3 
 .rodata.g_pucRIT128x96x4VerticalInc
                0x00005c7c        0x2 ./rit128x96x4.o
 *fill*         0x00005c7e        0x2 
 .rodata.g_pucRIT128x96x4HorizontalInc
                0x00005c80        0x2 ./rit128x96x4.o
 *fill*         0x00005c82        0x2 
 .rodata.g_pucFont
                0x00005c84      0x1e0 ./rit128x96x4.o
 .rodata.g_pucRIT128x96x4Init
                0x00005e64       0x4f ./rit128x96x4.o
 *fill*         0x00005eb3        0x1 
 .rodata.pucCommand1.4287
                0x00005eb4        0x3 ./rit128x96x4.o
 *fill*         0x00005eb7        0x1 
 .rodata.pucCommand2.4288
                0x00005eb8        0x3 ./rit128x96x4.o
 *fill*         0x00005ebb        0x1 
 .rodata.pucCommand1.4355
                0x00005ebc        0x2 ./rit128x96x4.o
 *fill*         0x00005ebe        0x2 
 .rodata.g_pcHex
                0x00005ec0        0x4 ./ustdlib.o
 .rodata.g_psDaysToMonth
                0x00005ec4       0x18 ./ustdlib.o
 .rodata.ulKernelPriority
                0x00005edc        0x4 ./freeRTOS/port.o
                0x00005edc                ulKernelPriority
 .rodata.g_usCANBitValues
                0x00005ee0       0x20 /media/trandi/SSD_DATA/progsDan/TI/StellarisWare/driverlib/gcc-cm3/libdriver-cm3.a(can.o)
 .rodata.g_pulGPIOBaseAddrs
                0x00005f00       0x78 /media/trandi/SSD_DATA/progsDan/TI/StellarisWare/driverlib/gcc-cm3/libdriver-cm3.a(gpio.o)
 .rodata.g_pulEnRegs
                0x00005f78       0x14 /media/trandi/SSD_DATA/progsDan/TI/StellarisWare/driverlib/gcc-cm3/libdriver-cm3.a(interrupt.o)
 .rodata.g_pulDisRegs
                0x00005f8c       0x14 /media/trandi/SSD_DATA/progsDan/TI/StellarisWare/driverlib/gcc-cm3/libdriver-cm3.a(interrupt.o)
 .rodata.g_pulPendRegs
                0x00005fa0       0x14 /media/trandi/SSD_DATA/progsDan/TI/StellarisWare/driverlib/gcc-cm3/libdriver-cm3.a(interrupt.o)
 .rodata.g_pulUnpendRegs
                0x00005fb4       0x14 /media/trandi/SSD_DATA/progsDan/TI/StellarisWare/driverlib/gcc-cm3/libdriver-cm3.a(interrupt.o)
 .rodata.g_pulPriority
                0x00005fc8       0x20 /media/trandi/SSD_DATA/progsDan/TI/StellarisWare/driverlib/gcc-cm3/libdriver-cm3.a(interrupt.o)
 .rodata.g_pulRegs
                0x00005fe8       0x9c /media/trandi/SSD_DATA/progsDan/TI/StellarisWare/driverlib/gcc-cm3/libdriver-cm3.a(interrupt.o)
 .rodata.g_ppulSSIIntMap
                0x00006084       0x20 /media/trandi/SSD_DATA/progsDan/TI/StellarisWare/driverlib/gcc-cm3/libdriver-cm3.a(ssi.o)
 .rodata.g_pulDCRegs
                0x000060a4       0x10 /media/trandi/SSD_DATA/progsDan/TI/StellarisWare/driverlib/gcc-cm3/libdriver-cm3.a(sysctl.o)
 .rodata.g_pulXtals
                0x000060b4       0x6c /media/trandi/SSD_DATA/progsDan/TI/StellarisWare/driverlib/gcc-cm3/libdriver-cm3.a(sysctl.o)
 .rodata.g_pulDCGCRegs
                0x00006120        0xc /media/trandi/SSD_DATA/progsDan/TI/StellarisWare/driverlib/gcc-cm3/libdriver-cm3.a(sysctl.o)
 .rodata.g_ppulPeripheralMap
                0x0000612c      0x120 /media/trandi/SSD_DATA/progsDan/TI/StellarisWare/driverlib/gcc-cm3/libdriver-cm3.a(sysctl.o)
 .rodata.g_pulRCGCRegs
                0x0000624c        0xc /media/trandi/SSD_DATA/progsDan/TI/StellarisWare/driverlib/gcc-cm3/libdriver-cm3.a(sysctl.o)
 .rodata.g_pulSCGCRegs
                0x00006258        0xc /media/trandi/SSD_DATA/progsDan/TI/StellarisWare/driverlib/gcc-cm3/libdriver-cm3.a(sysctl.o)
 .rodata.g_pulSRCRRegs
                0x00006264        0xc /media/trandi/SSD_DATA/progsDan/TI/StellarisWare/driverlib/gcc-cm3/libdriver-cm3.a(sysctl.o)
 .rodata.g_ppulUARTIntMap
                0x00006270       0x40 /media/trandi/SSD_DATA/progsDan/TI/StellarisWare/driverlib/gcc-cm3/libdriver-cm3.a(uart.o)
 .rodata.str1.4
                0x000062b0        0x4 /home/trandi/ti/ccsv6/tools/compiler/gcc-arm-none-eabi-4_9-2015q3/bin/../lib/gcc/arm-none-eabi/4.9.3/../../../../arm-none-eabi/lib/armv7-m/libc.a(lib_a-impure.o)
                                  0x2 (size before relaxing)
 .rodata._global_impure_ptr
                0x000062b4        0x4 /home/trandi/ti/ccsv6/tools/compiler/gcc-arm-none-eabi-4_9-2015q3/bin/../lib/gcc/arm-none-eabi/4.9.3/../../../../arm-none-eabi/lib/armv7-m/libc.a(lib_a-impure.o)
                0x000062b4                _global_impure_ptr

.eh_frame       0x000062b8        0x4
 .eh_frame      0x000062b8        0x0 /home/trandi/ti/ccsv6/tools/compiler/gcc-arm-none-eabi-4_9-2015q3/bin/../lib/gcc/arm-none-eabi/4.9.3/armv7-m/crtbegin.o
 .eh_frame      0x000062b8        0x4 /home/trandi/ti/ccsv6/tools/compiler/gcc-arm-none-eabi-4_9-2015q3/bin/../lib/gcc/arm-none-eabi/4.9.3/armv7-m/crtend.o

.data           0x20000000      0x43c load address 0x000062bc
                0x000062bc                __data_load__ = LOADADDR (.data)
                0x20000000                __data_start__ = .
 *(.data)
 .data          0x20000000        0x0 /home/trandi/ti/ccsv6/tools/compiler/gcc-arm-none-eabi-4_9-2015q3/bin/../lib/gcc/arm-none-eabi/4.9.3/armv7-m/crti.o
 .data          0x20000000        0x4 /home/trandi/ti/ccsv6/tools/compiler/gcc-arm-none-eabi-4_9-2015q3/bin/../lib/gcc/arm-none-eabi/4.9.3/armv7-m/crtbegin.o
                0x20000000                __dso_handle
 .data          0x20000004        0x0 /home/trandi/ti/ccsv6/tools/compiler/gcc-arm-none-eabi-4_9-2015q3/bin/../lib/gcc/arm-none-eabi/4.9.3/../../../../arm-none-eabi/lib/armv7-m/crt0.o
 .data          0x20000004        0x0 ./lm3s8962_startup_ccs_gcc.o
 .data          0x20000004        0x0 ./main.o
 .data          0x20000004        0x0 ./rit128x96x4.o
 .data          0x20000004        0x0 ./ustdlib.o
 .data          0x20000004        0x0 ./freeRTOS/heap_1.o
 .data          0x20000004        0x0 ./freeRTOS/list.o
 .data          0x20000004        0x0 ./freeRTOS/port.o
 .data          0x20000004        0x0 ./freeRTOS/queue.o
 .data          0x20000004        0x0 ./freeRTOS/tasks.o
 .data          0x20000004        0x0 /media/trandi/SSD_DATA/progsDan/TI/StellarisWare/driverlib/gcc-cm3/libdriver-cm3.a(can.o)
 .data          0x20000004        0x0 /media/trandi/SSD_DATA/progsDan/TI/StellarisWare/driverlib/gcc-cm3/libdriver-cm3.a(gpio.o)
 .data          0x20000004        0x0 /media/trandi/SSD_DATA/progsDan/TI/StellarisWare/driverlib/gcc-cm3/libdriver-cm3.a(interrupt.o)
 .data          0x20000004        0x0 /media/trandi/SSD_DATA/progsDan/TI/StellarisWare/driverlib/gcc-cm3/libdriver-cm3.a(ssi.o)
 .data          0x20000004        0x0 /media/trandi/SSD_DATA/progsDan/TI/StellarisWare/driverlib/gcc-cm3/libdriver-cm3.a(sysctl.o)
 .data          0x20000004        0x0 /media/trandi/SSD_DATA/progsDan/TI/StellarisWare/driverlib/gcc-cm3/libdriver-cm3.a(uart.o)
 .data          0x20000004        0x0 /media/trandi/SSD_DATA/progsDan/TI/StellarisWare/driverlib/gcc-cm3/libdriver-cm3.a(cpu.o)
 .data          0x20000004        0x0 /home/trandi/ti/ccsv6/tools/compiler/gcc-arm-none-eabi-4_9-2015q3/bin/../lib/gcc/arm-none-eabi/4.9.3/../../../../arm-none-eabi/lib/armv7-m/libc.a(lib_a-exit.o)
 .data          0x20000004        0x0 /home/trandi/ti/ccsv6/tools/compiler/gcc-arm-none-eabi-4_9-2015q3/bin/../lib/gcc/arm-none-eabi/4.9.3/../../../../arm-none-eabi/lib/armv7-m/libc.a(lib_a-impure.o)
 .data          0x20000004        0x0 /home/trandi/ti/ccsv6/tools/compiler/gcc-arm-none-eabi-4_9-2015q3/bin/../lib/gcc/arm-none-eabi/4.9.3/../../../../arm-none-eabi/lib/armv7-m/libc.a(lib_a-init.o)
 .data          0x20000004        0x0 /home/trandi/ti/ccsv6/tools/compiler/gcc-arm-none-eabi-4_9-2015q3/bin/../lib/gcc/arm-none-eabi/4.9.3/../../../../arm-none-eabi/lib/armv7-m/libc.a(lib_a-memcpy.o)
 .data          0x20000004        0x0 /home/trandi/ti/ccsv6/tools/compiler/gcc-arm-none-eabi-4_9-2015q3/bin/../lib/gcc/arm-none-eabi/4.9.3/../../../../arm-none-eabi/lib/armv7-m/libc.a(lib_a-memset.o)
 .data          0x20000004        0x0 /home/trandi/ti/ccsv6/tools/compiler/gcc-arm-none-eabi-4_9-2015q3/bin/../lib/gcc/arm-none-eabi/4.9.3/../../../../arm-none-eabi/lib/armv7-m/libc.a(lib_a-strncpy.o)
 .data          0x20000004        0x0 /home/trandi/ti/ccsv6/tools/compiler/gcc-arm-none-eabi-4_9-2015q3/bin/../lib/gcc/arm-none-eabi/4.9.3/../../../../arm-none-eabi/lib/armv7-m/libc.a(lib_a-__call_atexit.o)
 .data          0x20000004        0x0 /home/trandi/ti/ccsv6/tools/compiler/gcc-arm-none-eabi-4_9-2015q3/bin/../lib/gcc/arm-none-eabi/4.9.3/../../../../arm-none-eabi/lib/armv7-m/libc.a(lib_a-atexit.o)
 .data          0x20000004        0x0 /home/trandi/ti/ccsv6/tools/compiler/gcc-arm-none-eabi-4_9-2015q3/bin/../lib/gcc/arm-none-eabi/4.9.3/../../../../arm-none-eabi/lib/armv7-m/libc.a(lib_a-fini.o)
 .data          0x20000004        0x0 /home/trandi/ti/ccsv6/tools/compiler/gcc-arm-none-eabi-4_9-2015q3/bin/../lib/gcc/arm-none-eabi/4.9.3/../../../../arm-none-eabi/lib/armv7-m/libc.a(lib_a-__atexit.o)
 .data          0x20000004        0x0 /home/trandi/ti/ccsv6/tools/compiler/gcc-arm-none-eabi-4_9-2015q3/bin/../lib/gcc/arm-none-eabi/4.9.3/../../../../arm-none-eabi/lib/armv7-m/libnosys.a(_exit.o)
 .data          0x20000004        0x0 /home/trandi/ti/ccsv6/tools/compiler/gcc-arm-none-eabi-4_9-2015q3/bin/../lib/gcc/arm-none-eabi/4.9.3/armv7-m/crtend.o
 .data          0x20000004        0x0 /home/trandi/ti/ccsv6/tools/compiler/gcc-arm-none-eabi-4_9-2015q3/bin/../lib/gcc/arm-none-eabi/4.9.3/armv7-m/crtn.o
 *(.data*)
 .data.g_ulRandomSeed
                0x20000004        0x4 ./ustdlib.o
 .data.uxCriticalNesting
                0x20000008        0x4 ./freeRTOS/port.o
 .data.xNextTaskUnblockTime
                0x2000000c        0x4 ./freeRTOS/tasks.o
 .data.impure_data
                0x20000010      0x428 /home/trandi/ti/ccsv6/tools/compiler/gcc-arm-none-eabi-4_9-2015q3/bin/../lib/gcc/arm-none-eabi/4.9.3/../../../../arm-none-eabi/lib/armv7-m/libc.a(lib_a-impure.o)
 .data._impure_ptr
                0x20000438        0x4 /home/trandi/ti/ccsv6/tools/compiler/gcc-arm-none-eabi-4_9-2015q3/bin/../lib/gcc/arm-none-eabi/4.9.3/../../../../arm-none-eabi/lib/armv7-m/libc.a(lib_a-impure.o)
                0x20000438                _impure_ptr
                0x2000043c                . = ALIGN (0x4)
                0x2000043c                __data_end__ = .

.jcr            0x2000043c        0x4 load address 0x000066f8
 .jcr           0x2000043c        0x0 /home/trandi/ti/ccsv6/tools/compiler/gcc-arm-none-eabi-4_9-2015q3/bin/../lib/gcc/arm-none-eabi/4.9.3/armv7-m/crtbegin.o
 .jcr           0x2000043c        0x4 /home/trandi/ti/ccsv6/tools/compiler/gcc-arm-none-eabi-4_9-2015q3/bin/../lib/gcc/arm-none-eabi/4.9.3/armv7-m/crtend.o

.igot.plt       0x20000440        0x0 load address 0x000066fc
 .igot.plt      0x00000000        0x0 /home/trandi/ti/ccsv6/tools/compiler/gcc-arm-none-eabi-4_9-2015q3/bin/../lib/gcc/arm-none-eabi/4.9.3/armv7-m/crtbegin.o

vtable          0x20000800      0x400 load address 0x000066fc
                0x20000800                PROVIDE (__start_vtable, .)
 vtable         0x20000800      0x400 /media/trandi/SSD_DATA/progsDan/TI/StellarisWare/driverlib/gcc-cm3/libdriver-cm3.a(interrupt.o)
                0x20000c00                PROVIDE (__stop_vtable, .)

.ARM.exidx      0x00006afc        0x8
                0x00006afc                __exidx_start = .
 *(.ARM.exidx* .gnu.linkonce.armexidx.*)
 .ARM.exidx     0x00006afc        0x8 /home/trandi/ti/ccsv6/tools/compiler/gcc-arm-none-eabi-4_9-2015q3/bin/../lib/gcc/arm-none-eabi/4.9.3/../../../../arm-none-eabi/lib/armv7-m/crt0.o
                0x00006b04                __exidx_end = .

.ARM.extab      0x00006b04        0x0
 *(.ARM.extab* .gnu.linkonce.armextab.*)
 .ARM.extab     0x00006b04        0x0 /home/trandi/ti/ccsv6/tools/compiler/gcc-arm-none-eabi-4_9-2015q3/bin/../lib/gcc/arm-none-eabi/4.9.3/../../../../arm-none-eabi/lib/armv7-m/crt0.o

.rel.dyn        0x00006b04        0x0
 .rel.iplt      0x00000000        0x0 /home/trandi/ti/ccsv6/tools/compiler/gcc-arm-none-eabi-4_9-2015q3/bin/../lib/gcc/arm-none-eabi/4.9.3/armv7-m/crtbegin.o

.bss            0x20000c00     0x1ee4
                0x20000c00                __bss_start__ = .
 *(.shbss)
 *(.bss)
 .bss           0x20000c00        0x0 /home/trandi/ti/ccsv6/tools/compiler/gcc-arm-none-eabi-4_9-2015q3/bin/../lib/gcc/arm-none-eabi/4.9.3/armv7-m/crti.o
 .bss           0x20000c00       0x1c /home/trandi/ti/ccsv6/tools/compiler/gcc-arm-none-eabi-4_9-2015q3/bin/../lib/gcc/arm-none-eabi/4.9.3/armv7-m/crtbegin.o
 .bss           0x20000c1c        0x0 /home/trandi/ti/ccsv6/tools/compiler/gcc-arm-none-eabi-4_9-2015q3/bin/../lib/gcc/arm-none-eabi/4.9.3/../../../../arm-none-eabi/lib/armv7-m/crt0.o
 .bss           0x20000c1c        0x0 ./lm3s8962_startup_ccs_gcc.o
 .bss           0x20000c1c        0x0 ./main.o
 .bss           0x20000c1c        0x0 ./rit128x96x4.o
 .bss           0x20000c1c        0x0 ./ustdlib.o
 .bss           0x20000c1c        0x0 ./freeRTOS/heap_1.o
 .bss           0x20000c1c        0x0 ./freeRTOS/list.o
 .bss           0x20000c1c        0x0 ./freeRTOS/port.o
 .bss           0x20000c1c        0x0 ./freeRTOS/queue.o
 .bss           0x20000c1c        0x0 ./freeRTOS/tasks.o
 .bss           0x20000c1c        0x0 /media/trandi/SSD_DATA/progsDan/TI/StellarisWare/driverlib/gcc-cm3/libdriver-cm3.a(can.o)
 .bss           0x20000c1c        0x0 /media/trandi/SSD_DATA/progsDan/TI/StellarisWare/driverlib/gcc-cm3/libdriver-cm3.a(gpio.o)
 .bss           0x20000c1c        0x0 /media/trandi/SSD_DATA/progsDan/TI/StellarisWare/driverlib/gcc-cm3/libdriver-cm3.a(interrupt.o)
 .bss           0x20000c1c        0x0 /media/trandi/SSD_DATA/progsDan/TI/StellarisWare/driverlib/gcc-cm3/libdriver-cm3.a(ssi.o)
 .bss           0x20000c1c        0x0 /media/trandi/SSD_DATA/progsDan/TI/StellarisWare/driverlib/gcc-cm3/libdriver-cm3.a(sysctl.o)
 .bss           0x20000c1c        0x0 /media/trandi/SSD_DATA/progsDan/TI/StellarisWare/driverlib/gcc-cm3/libdriver-cm3.a(uart.o)
 .bss           0x20000c1c        0x0 /media/trandi/SSD_DATA/progsDan/TI/StellarisWare/driverlib/gcc-cm3/libdriver-cm3.a(cpu.o)
 .bss           0x20000c1c        0x0 /home/trandi/ti/ccsv6/tools/compiler/gcc-arm-none-eabi-4_9-2015q3/bin/../lib/gcc/arm-none-eabi/4.9.3/../../../../arm-none-eabi/lib/armv7-m/libc.a(lib_a-exit.o)
 .bss           0x20000c1c        0x0 /home/trandi/ti/ccsv6/tools/compiler/gcc-arm-none-eabi-4_9-2015q3/bin/../lib/gcc/arm-none-eabi/4.9.3/../../../../arm-none-eabi/lib/armv7-m/libc.a(lib_a-impure.o)
 .bss           0x20000c1c        0x0 /home/trandi/ti/ccsv6/tools/compiler/gcc-arm-none-eabi-4_9-2015q3/bin/../lib/gcc/arm-none-eabi/4.9.3/../../../../arm-none-eabi/lib/armv7-m/libc.a(lib_a-init.o)
 .bss           0x20000c1c        0x0 /home/trandi/ti/ccsv6/tools/compiler/gcc-arm-none-eabi-4_9-2015q3/bin/../lib/gcc/arm-none-eabi/4.9.3/../../../../arm-none-eabi/lib/armv7-m/libc.a(lib_a-memcpy.o)
 .bss           0x20000c1c        0x0 /home/trandi/ti/ccsv6/tools/compiler/gcc-arm-none-eabi-4_9-2015q3/bin/../lib/gcc/arm-none-eabi/4.9.3/../../../../arm-none-eabi/lib/armv7-m/libc.a(lib_a-memset.o)
 .bss           0x20000c1c        0x0 /home/trandi/ti/ccsv6/tools/compiler/gcc-arm-none-eabi-4_9-2015q3/bin/../lib/gcc/arm-none-eabi/4.9.3/../../../../arm-none-eabi/lib/armv7-m/libc.a(lib_a-strncpy.o)
 .bss           0x20000c1c        0x0 /home/trandi/ti/ccsv6/tools/compiler/gcc-arm-none-eabi-4_9-2015q3/bin/../lib/gcc/arm-none-eabi/4.9.3/../../../../arm-none-eabi/lib/armv7-m/libc.a(lib_a-__call_atexit.o)
 .bss           0x20000c1c        0x0 /home/trandi/ti/ccsv6/tools/compiler/gcc-arm-none-eabi-4_9-2015q3/bin/../lib/gcc/arm-none-eabi/4.9.3/../../../../arm-none-eabi/lib/armv7-m/libc.a(lib_a-atexit.o)
 .bss           0x20000c1c        0x0 /home/trandi/ti/ccsv6/tools/compiler/gcc-arm-none-eabi-4_9-2015q3/bin/../lib/gcc/arm-none-eabi/4.9.3/../../../../arm-none-eabi/lib/armv7-m/libc.a(lib_a-fini.o)
 .bss           0x20000c1c        0x0 /home/trandi/ti/ccsv6/tools/compiler/gcc-arm-none-eabi-4_9-2015q3/bin/../lib/gcc/arm-none-eabi/4.9.3/../../../../arm-none-eabi/lib/armv7-m/libc.a(lib_a-__atexit.o)
 .bss           0x20000c1c        0x0 /home/trandi/ti/ccsv6/tools/compiler/gcc-arm-none-eabi-4_9-2015q3/bin/../lib/gcc/arm-none-eabi/4.9.3/../../../../arm-none-eabi/lib/armv7-m/libnosys.a(_exit.o)
 .bss           0x20000c1c        0x0 /home/trandi/ti/ccsv6/tools/compiler/gcc-arm-none-eabi-4_9-2015q3/bin/../lib/gcc/arm-none-eabi/4.9.3/armv7-m/crtend.o
 .bss           0x20000c1c        0x0 /home/trandi/ti/ccsv6/tools/compiler/gcc-arm-none-eabi-4_9-2015q3/bin/../lib/gcc/arm-none-eabi/4.9.3/armv7-m/crtn.o
 *(.bss.*)
 .bss.pui32Stack
                0x20000c1c      0x200 ./lm3s8962_startup_ccs_gcc.o
 .bss._ulCANStatusFlag
                0x20000e1c        0x4 ./main.o
                0x20000e1c                _ulCANStatusFlag
 .bss._ucCANNewMsgRX
                0x20000e20        0x1 ./main.o
                0x20000e20                _ucCANNewMsgRX
 *fill*         0x20000e21        0x3 
 .bss._ulCANMsgRXCount
                0x20000e24        0x4 ./main.o
                0x20000e24                _ulCANMsgRXCount
 .bss._ulCANMsgTXCount
                0x20000e28        0x4 ./main.o
                0x20000e28                _ulCANMsgTXCount
 .bss._ucUARTNewCharRX
                0x20000e2c        0x1 ./main.o
                0x20000e2c                _ucUARTNewCharRX
 *fill*         0x20000e2d        0x3 
 .bss._xSemDisplay
                0x20000e30        0x4 ./main.o
                0x20000e30                _xSemDisplay
 .bss._xSemCAN  0x20000e34        0x4 ./main.o
                0x20000e34                _xSemCAN
 .bss.g_ulSSIFlags
                0x20000e38        0x4 ./rit128x96x4.o
 .bss.g_pucBuffer
                0x20000e3c        0x8 ./rit128x96x4.o
 *fill*         0x20000e44        0x4 
 .bss.xHeap     0x20000e48     0x1b58 ./freeRTOS/heap_1.o
 .bss.xNextFreeByte
                0x200029a0        0x4 ./freeRTOS/heap_1.o
 .bss.pxCurrentTCB
                0x200029a4        0x4 ./freeRTOS/tasks.o
                0x200029a4                pxCurrentTCB
 .bss.pxReadyTasksLists
                0x200029a8       0x64 ./freeRTOS/tasks.o
 .bss.xDelayedTaskList1
                0x20002a0c       0x14 ./freeRTOS/tasks.o
 .bss.xDelayedTaskList2
                0x20002a20       0x14 ./freeRTOS/tasks.o
 .bss.pxDelayedTaskList
                0x20002a34        0x4 ./freeRTOS/tasks.o
 .bss.pxOverflowDelayedTaskList
                0x20002a38        0x4 ./freeRTOS/tasks.o
 .bss.xPendingReadyList
                0x20002a3c       0x14 ./freeRTOS/tasks.o
 .bss.uxCurrentNumberOfTasks
                0x20002a50        0x4 ./freeRTOS/tasks.o
 .bss.xTickCount
                0x20002a54        0x4 ./freeRTOS/tasks.o
 .bss.uxTopUsedPriority
                0x20002a58        0x4 ./freeRTOS/tasks.o
 .bss.uxTopReadyPriority
                0x20002a5c        0x4 ./freeRTOS/tasks.o
 .bss.xSchedulerRunning
                0x20002a60        0x4 ./freeRTOS/tasks.o
 .bss.uxSchedulerSuspended
                0x20002a64        0x4 ./freeRTOS/tasks.o
 .bss.uxMissedTicks
                0x20002a68        0x4 ./freeRTOS/tasks.o
 .bss.xMissedYield
                0x20002a6c        0x4 ./freeRTOS/tasks.o
 .bss.xNumOfOverflows
                0x20002a70        0x4 ./freeRTOS/tasks.o
 .bss.uxTaskNumber
                0x20002a74        0x4 ./freeRTOS/tasks.o
 .bss.ulOscSelect
                0x20002a78        0x4 /media/trandi/SSD_DATA/progsDan/TI/StellarisWare/driverlib/gcc-cm3/libdriver-cm3.a(sysctl.o)
                0x20002a78                ulOscSelect
 .bss.ulSysDiv  0x20002a7c        0x4 /media/trandi/SSD_DATA/progsDan/TI/StellarisWare/driverlib/gcc-cm3/libdriver-cm3.a(sysctl.o)
                0x20002a7c                ulSysDiv
 .bss.ulOsc     0x20002a80        0x4 /media/trandi/SSD_DATA/progsDan/TI/StellarisWare/driverlib/gcc-cm3/libdriver-cm3.a(sysctl.o)
                0x20002a80                ulOsc
 .bss.bNewPLL   0x20002a84        0x1 /media/trandi/SSD_DATA/progsDan/TI/StellarisWare/driverlib/gcc-cm3/libdriver-cm3.a(sysctl.o)
                0x20002a84                bNewPLL
 *(COMMON)
 *fill*         0x20002a85        0x3 
 COMMON         0x20002a88       0x59 ./main.o
                0x20002a88                _ucCANMsgData
                0x20002a90                _ulCANMsg_UART
                0x20002ab8                _sCANMsgTX
                0x20002acc                _cBuff
                0x20002ae4                . = ALIGN (0x4)
 *fill*         0x20002ae1        0x3 
                0x20002ae4                __bss_end__ = .

.heap           0x20002ae4        0x0
                0x20002ae4                __heap_start__ = .
                0x20002ae4                end = __heap_start__
                0x20002ae4                _end = end
                0x20002ae4                __end = end
 *(.heap)
                0x20002ae4                __heap_end__ = .
                0x20002ae4                __HeapLimit = __heap_end__

.stack          0x20002ae8        0x0
                0x20002ae8                _stack = .
                0x20002ae8                __stack = .
 *(.stack)
START GROUP
LOAD /media/trandi/SSD_DATA/progsDan/TI/StellarisWare/driverlib/gcc-cm3/libdriver-cm3.a
LOAD /home/trandi/ti/ccsv6/tools/compiler/gcc-arm-none-eabi-4_9-2015q3/bin/../lib/gcc/arm-none-eabi/4.9.3/../../../../arm-none-eabi/lib/armv7-m/libc.a
END GROUP
START GROUP
LOAD /home/trandi/ti/ccsv6/tools/compiler/gcc-arm-none-eabi-4_9-2015q3/bin/../lib/gcc/arm-none-eabi/4.9.3/armv7-m/libgcc.a
LOAD /home/trandi/ti/ccsv6/tools/compiler/gcc-arm-none-eabi-4_9-2015q3/bin/../lib/gcc/arm-none-eabi/4.9.3/../../../../arm-none-eabi/lib/armv7-m/libg.a
LOAD /home/trandi/ti/ccsv6/tools/compiler/gcc-arm-none-eabi-4_9-2015q3/bin/../lib/gcc/arm-none-eabi/4.9.3/../../../../arm-none-eabi/lib/armv7-m/libc.a
END GROUP
START GROUP
LOAD /home/trandi/ti/ccsv6/tools/compiler/gcc-arm-none-eabi-4_9-2015q3/bin/../lib/gcc/arm-none-eabi/4.9.3/armv7-m/libgcc.a
LOAD /home/trandi/ti/ccsv6/tools/compiler/gcc-arm-none-eabi-4_9-2015q3/bin/../lib/gcc/arm-none-eabi/4.9.3/../../../../arm-none-eabi/lib/armv7-m/libc.a
LOAD /home/trandi/ti/ccsv6/tools/compiler/gcc-arm-none-eabi-4_9-2015q3/bin/../lib/gcc/arm-none-eabi/4.9.3/../../../../arm-none-eabi/lib/armv7-m/libnosys.a
END GROUP
LOAD /home/trandi/ti/ccsv6/tools/compiler/gcc-arm-none-eabi-4_9-2015q3/bin/../lib/gcc/arm-none-eabi/4.9.3/armv7-m/crtend.o
LOAD /home/trandi/ti/ccsv6/tools/compiler/gcc-arm-none-eabi-4_9-2015q3/bin/../lib/gcc/arm-none-eabi/4.9.3/armv7-m/crtn.o
OUTPUT(LM3S8962-FreeRTOS-CAN.out elf32-littlearm)

.ARM.attributes
                0x00000000       0x29
 .ARM.attributes
                0x00000000       0x1d /home/trandi/ti/ccsv6/tools/compiler/gcc-arm-none-eabi-4_9-2015q3/bin/../lib/gcc/arm-none-eabi/4.9.3/armv7-m/crti.o
 .ARM.attributes
                0x0000001d       0x2d /home/trandi/ti/ccsv6/tools/compiler/gcc-arm-none-eabi-4_9-2015q3/bin/../lib/gcc/arm-none-eabi/4.9.3/armv7-m/crtbegin.o
 .ARM.attributes
                0x0000004a       0x1b /home/trandi/ti/ccsv6/tools/compiler/gcc-arm-none-eabi-4_9-2015q3/bin/../lib/gcc/arm-none-eabi/4.9.3/../../../../arm-none-eabi/lib/armv7-m/crt0.o
 .ARM.attributes
                0x00000065       0x33 ./lm3s8962_startup_ccs_gcc.o
 .ARM.attributes
                0x00000098       0x33 ./main.o
 .ARM.attributes
                0x000000cb       0x33 ./rit128x96x4.o
 .ARM.attributes
                0x000000fe       0x33 ./ustdlib.o
 .ARM.attributes
                0x00000131       0x33 ./freeRTOS/heap_1.o
 .ARM.attributes
                0x00000164       0x33 ./freeRTOS/list.o
 .ARM.attributes
                0x00000197       0x33 ./freeRTOS/port.o
 .ARM.attributes
                0x000001ca       0x33 ./freeRTOS/queue.o
 .ARM.attributes
                0x000001fd       0x33 ./freeRTOS/tasks.o
 .ARM.attributes
                0x00000230       0x31 /media/trandi/SSD_DATA/progsDan/TI/StellarisWare/driverlib/gcc-cm3/libdriver-cm3.a(can.o)
 .ARM.attributes
                0x00000261       0x31 /media/trandi/SSD_DATA/progsDan/TI/StellarisWare/driverlib/gcc-cm3/libdriver-cm3.a(gpio.o)
 .ARM.attributes
                0x00000292       0x31 /media/trandi/SSD_DATA/progsDan/TI/StellarisWare/driverlib/gcc-cm3/libdriver-cm3.a(interrupt.o)
 .ARM.attributes
                0x000002c3       0x31 /media/trandi/SSD_DATA/progsDan/TI/StellarisWare/driverlib/gcc-cm3/libdriver-cm3.a(ssi.o)
 .ARM.attributes
                0x000002f4       0x31 /media/trandi/SSD_DATA/progsDan/TI/StellarisWare/driverlib/gcc-cm3/libdriver-cm3.a(sysctl.o)
 .ARM.attributes
                0x00000325       0x31 /media/trandi/SSD_DATA/progsDan/TI/StellarisWare/driverlib/gcc-cm3/libdriver-cm3.a(uart.o)
 .ARM.attributes
                0x00000356       0x31 /media/trandi/SSD_DATA/progsDan/TI/StellarisWare/driverlib/gcc-cm3/libdriver-cm3.a(cpu.o)
 .ARM.attributes
                0x00000387       0x2d /home/trandi/ti/ccsv6/tools/compiler/gcc-arm-none-eabi-4_9-2015q3/bin/../lib/gcc/arm-none-eabi/4.9.3/../../../../arm-none-eabi/lib/armv7-m/libc.a(lib_a-exit.o)
 .ARM.attributes
                0x000003b4       0x2d /home/trandi/ti/ccsv6/tools/compiler/gcc-arm-none-eabi-4_9-2015q3/bin/../lib/gcc/arm-none-eabi/4.9.3/../../../../arm-none-eabi/lib/armv7-m/libc.a(lib_a-impure.o)
 .ARM.attributes
                0x000003e1       0x2d /home/trandi/ti/ccsv6/tools/compiler/gcc-arm-none-eabi-4_9-2015q3/bin/../lib/gcc/arm-none-eabi/4.9.3/../../../../arm-none-eabi/lib/armv7-m/libc.a(lib_a-init.o)
 .ARM.attributes
                0x0000040e       0x1b /home/trandi/ti/ccsv6/tools/compiler/gcc-arm-none-eabi-4_9-2015q3/bin/../lib/gcc/arm-none-eabi/4.9.3/../../../../arm-none-eabi/lib/armv7-m/libc.a(lib_a-memcpy.o)
 .ARM.attributes
                0x00000429       0x2d /home/trandi/ti/ccsv6/tools/compiler/gcc-arm-none-eabi-4_9-2015q3/bin/../lib/gcc/arm-none-eabi/4.9.3/../../../../arm-none-eabi/lib/armv7-m/libc.a(lib_a-memset.o)
 .ARM.attributes
                0x00000456       0x2d /home/trandi/ti/ccsv6/tools/compiler/gcc-arm-none-eabi-4_9-2015q3/bin/../lib/gcc/arm-none-eabi/4.9.3/../../../../arm-none-eabi/lib/armv7-m/libc.a(lib_a-strncpy.o)